--------- beginning of main
02-04 00:26:24.730   217   217 I auditd  : type=1403 audit(0.0:2): policy loaded auid=4294967295 ses=4294967295
02-04 00:26:24.730     1     1 I init    : type=1400 audit(0.0:3): avc: denied { execute } for name="init" dev="rootfs" ino=5146 scontext=u:r:kernel:s0 tcontext=u:object_r:rootfs:s0 tclass=file permissive=1
02-04 00:26:24.730     1     1 I init    : type=1400 audit(0.0:4): avc: denied { execute_no_trans } for path="/init" dev="rootfs" ino=5146 scontext=u:r:kernel:s0 tcontext=u:object_r:rootfs:s0 tclass=file permissive=1
02-04 00:26:24.730     1     1 I init    : type=1400 audit(0.0:5): avc: denied { write } for name="/" dev="tmpfs" ino=6177 scontext=u:r:kernel:s0 tcontext=u:object_r:tmpfs:s0 tclass=dir permissive=1
02-04 00:26:24.730     1     1 I init    : type=1400 audit(0.0:6): avc: denied { mknod } for capability=27 scontext=u:r:kernel:s0 tcontext=u:r:kernel:s0 tclass=capability permissive=1
02-04 00:26:24.730     1     1 I init    : type=1400 audit(0.0:7): avc: denied { add_name } for name="__kmsg__" scontext=u:r:kernel:s0 tcontext=u:object_r:tmpfs:s0 tclass=dir permissive=1
02-04 00:26:24.730     1     1 I init    : type=1400 audit(0.0:8): avc: denied { create } for name="__kmsg__" scontext=u:r:kernel:s0 tcontext=u:object_r:tmpfs:s0 tclass=chr_file permissive=1
02-04 00:26:24.730     1     1 I init    : type=1400 audit(0.0:9): avc: denied { open } for path="/dev/__kmsg__" dev="tmpfs" ino=7298 scontext=u:r:kernel:s0 tcontext=u:object_r:tmpfs:s0 tclass=chr_file permissive=1
02-04 00:26:24.730     1     1 I init    : type=1400 audit(0.0:10): avc: denied { remove_name } for name="__kmsg__" dev="tmpfs" ino=7298 scontext=u:r:kernel:s0 tcontext=u:object_r:tmpfs:s0 tclass=dir permissive=1
02-04 00:26:25.330   217   217 I logd    : type=1400 audit(0.0:116): avc: denied { syslog_read } for scontext=u:r:kernel:s0 tcontext=u:r:kernel:s0 tclass=system permissive=1
02-04 00:26:25.350     1     1 I init    : type=1400 audit(0.0:117): avc: denied { setattr } for name="lost+found" dev="mmcblk0p16" ino=11 scontext=u:r:kernel:s0 tcontext=u:object_r:unlabeled:s0 tclass=dir permissive=1
02-04 00:26:25.360     1     1 I init    : type=1400 audit(0.0:118): avc: denied { getattr } for path="/system/bin/tzdatacheck" dev="mmcblk0p14" ino=488 scontext=u:r:kernel:s0 tcontext=u:object_r:tzdatacheck_exec:s0 tclass=file permissive=1
02-04 00:26:25.360   225   225 I init    : type=1400 audit(0.0:119): avc: denied { execute } for name="tzdatacheck" dev="mmcblk0p14" ino=488 scontext=u:r:kernel:s0 tcontext=u:object_r:tzdatacheck_exec:s0 tclass=file permissive=1
02-04 00:26:25.360   225   225 I init    : type=1400 audit(0.0:120): avc: denied { read open } for path="/system/bin/tzdatacheck" dev="mmcblk0p14" ino=488 scontext=u:r:kernel:s0 tcontext=u:object_r:tzdatacheck_exec:s0 tclass=file permissive=1
02-04 00:26:25.360   225   225 I init    : type=1400 audit(0.0:121): avc: denied { execute_no_trans } for path="/system/bin/tzdatacheck" dev="mmcblk0p14" ino=488 scontext=u:r:kernel:s0 tcontext=u:object_r:tzdatacheck_exec:s0 tclass=file permissive=1
02-04 00:26:25.380   217   217 I logd    : type=1400 audit(0.0:122): avc: denied { search } for name="173" dev="proc" ino=7311 scontext=u:r:kernel:s0 tcontext=u:r:ueventd:s0 tclass=dir permissive=1
02-04 00:26:25.380   217   217 I logd    : type=1400 audit(0.0:123): avc: denied { read } for name="status" dev="proc" ino=8205 scontext=u:r:kernel:s0 tcontext=u:r:ueventd:s0 tclass=file permissive=1
02-04 00:26:25.380   217   217 I logd    : type=1400 audit(0.0:124): avc: denied { open } for path="/proc/173/status" dev="proc" ino=8205 scontext=u:r:kernel:s0 tcontext=u:r:ueventd:s0 tclass=file permissive=1
02-04 00:26:25.380   217   217 I logd    : type=1400 audit(0.0:125): avc: denied { getattr } for path="/proc/173/status" dev="proc" ino=8205 scontext=u:r:kernel:s0 tcontext=u:r:ueventd:s0 tclass=file permissive=1
02-04 00:26:25.400   225   225 I tzdatacheck: type=1400 audit(0.0:126): avc: denied { write } for name="logdw" dev="tmpfs" ino=1205 scontext=u:r:kernel:s0 tcontext=u:object_r:tmpfs:s0 tclass=sock_file permissive=1
02-04 00:26:25.400     1     1 I init    : type=1400 audit(0.0:127): avc: denied { setattr } for name="file" dev="sysfs" ino=14364 scontext=u:r:kernel:s0 tcontext=u:object_r:sysfs:s0 tclass=file permissive=1
02-04 00:26:25.409   225   225 I /system/bin/tzdatacheck: tzdata file /data/misc/zoneinfo/current/tzdata does not exist. No action required.
02-04 00:26:25.420     1     1 I init    : type=1400 audit(0.0:128): avc: denied { create } for scontext=u:r:kernel:s0 tcontext=u:r:kernel:s0 tclass=netlink_selinux_socket permissive=1
02-04 00:26:25.420     1     1 I init    : type=1400 audit(0.0:129): avc: denied { compute_av } for scontext=u:r:kernel:s0 tcontext=u:object_r:kernel:s0 tclass=security permissive=1
02-04 00:26:25.420   218   218 I vold    : type=1400 audit(0.0:130): avc: denied { create } for scontext=u:r:kernel:s0 tcontext=u:r:kernel:s0 tclass=netlink_kobject_uevent_socket permissive=1
--------- beginning of system
02-04 00:26:25.420   218   218 I vold    : Vold 3.0 (the awakening) firing up
02-04 00:26:25.420   218   218 V vold    : Detected support for: exfat ext4 ntfs vfat
02-04 00:26:25.460     1     1 I init    : type=1400 audit(0.0:131): avc: denied { getattr } for path="/system/bin/sysinit" dev="mmcblk0p14" ino=458 scontext=u:r:kernel:s0 tcontext=u:object_r:sysinit_exec:s0 tclass=file permissive=1
02-04 00:26:25.460     1     1 I init    : type=1400 audit(0.0:132): avc: denied { setattr } for name="log" dev="tmpfs" ino=1132 scontext=u:r:kernel:s0 tcontext=u:object_r:tmpfs:s0 tclass=file permissive=1
02-04 00:26:25.460     1     1 I init    : type=1400 audit(0.0:133): avc: denied { read } for name="property" dev="mmcblk0p16" ino=8161 scontext=u:r:kernel:s0 tcontext=u:object_r:system_data_file:s0 tclass=dir permissive=1
02-04 00:26:25.460     1     1 I init    : type=1400 audit(0.0:134): avc: denied { open } for path="/data/property" dev="mmcblk0p16" ino=8161 scontext=u:r:kernel:s0 tcontext=u:object_r:system_data_file:s0 tclass=dir permissive=1
02-04 00:26:25.460   233   233 I init    : type=1400 audit(0.0:135): avc: denied { execute } for name="sysinit" dev="mmcblk0p14" ino=458 scontext=u:r:kernel:s0 tcontext=u:object_r:sysinit_exec:s0 tclass=file permissive=1
02-04 00:26:25.460   233   233 I init    : type=1400 audit(0.0:136): avc: denied { read open } for path="/system/bin/sysinit" dev="mmcblk0p14" ino=458 scontext=u:r:kernel:s0 tcontext=u:object_r:sysinit_exec:s0 tclass=file permissive=1
02-04 00:26:25.460   233   233 I init    : type=1400 audit(0.0:137): avc: denied { execute_no_trans } for path="/system/bin/sysinit" dev="mmcblk0p14" ino=458 scontext=u:r:kernel:s0 tcontext=u:object_r:sysinit_exec:s0 tclass=file permissive=1
02-04 00:26:25.460   233   233 I init    : type=1400 audit(0.0:138): avc: denied { execute } for name="sh" dev="mmcblk0p14" ino=431 scontext=u:r:kernel:s0 tcontext=u:object_r:shell_exec:s0 tclass=file permissive=1
02-04 00:26:25.460   233   233 I init    : type=1400 audit(0.0:139): avc: denied { read open } for path="/system/bin/sh" dev="mmcblk0p14" ino=431 scontext=u:r:kernel:s0 tcontext=u:object_r:shell_exec:s0 tclass=file permissive=1
02-04 00:26:25.460     1     1 I init    : type=1400 audit(0.0:140): avc: denied { write } for name="property" dev="mmcblk0p16" ino=8161 scontext=u:r:kernel:s0 tcontext=u:object_r:system_data_file:s0 tclass=dir permissive=1
02-04 00:26:25.460     1     1 I init    : type=1400 audit(0.0:141): avc: denied { add_name } for name=".temp.teQ0ZU" scontext=u:r:kernel:s0 tcontext=u:object_r:system_data_file:s0 tclass=dir permissive=1
02-04 00:26:25.460     1     1 I init    : type=1400 audit(0.0:142): avc: denied { create } for name=".temp.teQ0ZU" scontext=u:r:kernel:s0 tcontext=u:object_r:system_data_file:s0 tclass=file permissive=1
02-04 00:26:25.460     1     1 I init    : type=1400 audit(0.0:143): avc: denied { write } for path="/data/property/.temp.teQ0ZU" dev="mmcblk0p16" ino=8168 scontext=u:r:kernel:s0 tcontext=u:object_r:system_data_file:s0 tclass=file permissive=1
02-04 00:26:25.460   233   233 I sysinit : type=1400 audit(0.0:144): avc: denied { getattr } for path="/system/bin/sh" dev="mmcblk0p14" ino=431 scontext=u:r:kernel:s0 tcontext=u:object_r:shell_exec:s0 tclass=file permissive=1
02-04 00:26:25.470     1     1 I init    : type=1400 audit(0.0:145): avc: denied { remove_name } for name=".temp.teQ0ZU" dev="mmcblk0p16" ino=8168 scontext=u:r:kernel:s0 tcontext=u:object_r:system_data_file:s0 tclass=dir permissive=1
02-04 00:26:25.470     1     1 I init    : type=1400 audit(0.0:146): avc: denied { rename } for name=".temp.teQ0ZU" dev="mmcblk0p16" ino=8168 scontext=u:r:kernel:s0 tcontext=u:object_r:system_data_file:s0 tclass=file permissive=1
02-04 00:26:25.470     1     1 I init    : type=1400 audit(0.0:147): avc: denied { unlink } for name="persist.sys.pq.shp.idx" dev="mmcblk0p16" ino=8162 scontext=u:r:kernel:s0 tcontext=u:object_r:system_data_file:s0 tclass=file permissive=1
02-04 00:26:25.490     1     1 I init    : type=1400 audit(0.0:148): avc: denied { unlink } for name=".booting" dev="tmpfs" ino=7299 scontext=u:r:kernel:s0 tcontext=u:object_r:tmpfs:s0 tclass=file permissive=1
02-04 00:26:25.490     1     1 I init    : type=1400 audit(0.0:149): avc: denied { create } for scontext=u:r:kernel:s0 tcontext=u:r:kernel:s0 tclass=udp_socket permissive=1
02-04 00:26:25.490     1     1 I init    : type=1400 audit(0.0:150): avc: denied { net_raw } for capability=13 scontext=u:r:kernel:s0 tcontext=u:r:kernel:s0 tclass=capability permissive=1
02-04 00:26:25.490     1     1 I init    : type=1400 audit(0.0:151): avc: denied { ioctl } for path="socket:[54]" dev="sockfs" ino=54 scontext=u:r:kernel:s0 tcontext=u:r:kernel:s0 tclass=udp_socket permissive=1
02-04 00:26:25.500     1     1 I init    : type=1400 audit(0.0:152): avc: denied { getattr } for path="/system/bin/lmkd" dev="mmcblk0p14" ino=286 scontext=u:r:kernel:s0 tcontext=u:object_r:lmkd_exec:s0 tclass=file permissive=1
02-04 00:26:25.500     1     1 I init    : type=1400 audit(0.0:153): avc: denied { getattr } for path="/system/bin/servicemanager" dev="mmcblk0p14" ino=423 scontext=u:r:kernel:s0 tcontext=u:object_r:servicemanager_exec:s0 tclass=file permissive=1
02-04 00:26:25.500   237   237 I init    : type=1400 audit(0.0:154): avc: denied { create } for scontext=u:r:kernel:s0 tcontext=u:r:adbd:s0 tclass=unix_stream_socket permissive=1
02-04 00:26:25.510   234   234 I sysinit : Running /system/etc/init.d/00banner 
02-04 00:26:25.628   238   238 I lowmemorykiller: Using in-kernel low memory killer interface
02-04 00:26:25.632   244   244 I 6620_launcher: Can't open device node(/dev/stpwmt) error:-1 
02-04 00:26:25.633   243   243 I wmt_loader: is_chipId_vaild: 2 :0x6630!
02-04 00:26:25.633   243   243 I wmt_loader: key:(persist.mtk.wcn.combo.chipid)-value:(0x6630),chipId:0x6630,iRet(6)
02-04 00:26:25.672   262   262 I cm      : _ _                                        
02-04 00:26:25.678   257   257 I         : debuggerd: starting
02-04 00:26:25.683   241   241 D AUTOKD  : AUTOKD Start
02-04 00:26:25.687   261   261 I         : installd firing up
02-04 00:26:25.691   245   245 E ccci_fsd(0): md_fsd Ver:v2.02, CCCI Ver:5
02-04 00:26:25.691   245   245 D ccci_fsd(1): /dev/ccci_fs is opend(600).
02-04 00:26:25.691   245   245 D ccci_fsd(1): md_new_ver.1 file exist,permission check ready!
02-04 00:26:25.691   245   245 D ccci_fsd(1): waiting nvram ready! 0
02-04 00:26:25.703   256   256 I Netd    : Netd 1.0 starting
02-04 00:26:25.728   268   268 I PPL/PPLAgent: PPLAgent created
02-04 00:26:25.736   239   239 E SELinux : avc:  denied  { add } for service=PPLAgent pid=268 uid=1000 scontext=u:r:kernel:s0 tcontext=u:object_r:default_android_service:s0 tclass=service_manager permissive=1
02-04 00:26:25.737   268   268 I PPL/PPLAgent: Registered to Service Manager.
02-04 00:26:25.737   268   268 I PPL/PPLAgent: PPLAgent Service is now ready
02-04 00:26:25.737   256   256 D TetherController: Setting IP forward enable = 0
02-04 00:26:25.739   256   256 E         : Failed to open libdatactrl, some features may not be present.
02-04 00:26:25.740   256   256 E         : Failed to open libcsm_data, some features may not be present.
02-04 00:26:25.744   275   275 I thermal_repeater: START+++++++++ 275
02-04 00:26:25.744   275   275 I thermal_repeater: Success to write 275 to /proc/driver/thermal/clwmt_pid
02-04 00:26:25.744   275   275 I thermal_repeater: Fail to write 275 to /proc/driver/thermal/clwmt_pid ffffffff
02-04 00:26:25.745   283   283 I perfprofd: starting Android Wide Profiling daemon
02-04 00:26:25.745   271   271 D wifi2agps: add no timeout event, sock=4
02-04 00:26:25.746   280   280 D permission_check: permission check ver:0.02
02-04 00:26:25.746   280   280 D permission_check: ro.crypto.state=unencrypted
02-04 00:26:25.746   280   280 D permission_check: unencrypted!!
02-04 00:26:25.746   280   280 D permission_check:  check_decrypt_ready:0
02-04 00:26:25.746   280   280 E permission_check: do permission check!
02-04 00:26:25.746   280   280 D permission_check: [persist.md.perm.checked]:[1]
02-04 00:26:25.746   280   280 D permission_check: change_md_nvram_attr++
02-04 00:26:25.746   280   280 D permission_check: md_new_ver.1 file exist!!!
02-04 00:26:25.746   280   280 D permission_check: change_md_nvram_attr--0
02-04 00:26:25.747   267   267 D PQ      : PQ init start...
02-04 00:26:25.747   267   267 D PQ      : [PQ][main pq] main, property get... pic_mode[0]
02-04 00:26:25.747   267   267 D PQ      : config PQ...
02-04 00:26:25.748   278   278 D BnMtkCodec: MtkCodec Service initiate
02-04 00:26:25.748   278   278 D BnMtkCodec: Ctor
02-04 00:26:25.749   278   278 D         : mtkcodecservice re-adjust caps is not in root user
02-04 00:26:25.749   283   283 E perfprofd: unable to open configuration file /data/data/com.google.android.gms/files/perfprofd.conf
02-04 00:26:25.749   283   283 I perfprofd: random seed set to 2918118096
02-04 00:26:25.750   276   276 I thermald: START+++++++++ 276
02-04 00:26:25.750   276   276 I thermald: Success to write 276 to /proc/driver/thermal/clsd_pid
02-04 00:26:25.750   276   276 I thermald: Enter infinite loop
02-04 00:26:25.751   274   274 I thermal_manager: thermal_manager Service started!, argc 1
02-04 00:26:25.751   274   274 I thermal_manager: thermal_manager Service started!, argc[0] /system/bin/thermal_manager
02-04 00:26:25.751   273   273 D NVRAM   : NvRAMAgent created
02-04 00:26:25.752   273   273 E NVRAM   : Haman, serviceManager work well
02-04 00:26:25.752   273   273 D NVRAM   : NvRAMAgent Service is now ready
02-04 00:26:25.753   277   277 E BGWD    : [BGW]init_socket: get control socket error, reason:Protocol not supported
02-04 00:26:25.753   272   272 E MNLD    : main: MNLD started
02-04 00:26:25.753   272   272 D MNLD    : main: Normal mode
02-04 00:26:25.758   287   287 I cm      : | (_)_ __   ___  __ _  __ _  ___  ___  ___  
02-04 00:26:25.763   269   269 I         : ServiceManager: 0xb6a9d040
02-04 00:26:25.765   240   240 E DispSync: Couldn't set SCHED_FIFO for DispSyncThread
02-04 00:26:25.765   240   240 I SurfaceFlinger: SurfaceFlinger is starting
02-04 00:26:25.765   240   240 I SurfaceFlinger: SurfaceFlinger's main thread ready to run. Initializing graphics H/W...
02-04 00:26:25.786   264   264 I keystore: Found keymaster0 module Keymaster OpenSSL HAL, version 2
02-04 00:26:25.786   264   264 I SoftKeymaster: system/keymaster/soft_keymaster_device.cpp, Line 131: Creating device
02-04 00:26:25.786   264   264 D SoftKeymaster: system/keymaster/soft_keymaster_device.cpp, Line 132: Device address: 0xb68b2000
02-04 00:26:25.786   264   264 I keystore: Keymaster0 module is software-only.  Using SoftKeymasterDevice instead.
02-04 00:26:25.786   264   264 I SoftKeymaster: system/keymaster/soft_keymaster_device.cpp, Line 131: Creating device
02-04 00:26:25.786   264   264 D SoftKeymaster: system/keymaster/soft_keymaster_device.cpp, Line 132: Device address: 0xb68b2200
02-04 00:26:25.788   239   239 E SELinux : avc:  denied  { add } for service=android.security.keystore pid=264 uid=1017 scontext=u:r:kernel:s0 tcontext=u:object_r:keystore_service:s0 tclass=service_manager permissive=1
02-04 00:26:25.788   274   274 I thermal_manager: [backward-compatiable] default thermal policy
02-04 00:26:25.801   295   295 I cm      : | | | '_ \ / _ \/ _` |/ _` |/ _ \/ _ \/ __| 
02-04 00:26:25.807   272   272 D MNLD    : setup_socket_mtklogger: socket_fd = 7
02-04 00:26:25.807   272   272 D MNLD    : main: mtklogger2mnld_fd created success
02-04 00:26:25.808   272   272 D MNLD    : mnl_write_attr: write '0' to /sys/class/gpsdrv/gps/pwrctl okay
02-04 00:26:25.808   272   272 D MNLD    : mnl_write_attr: write '0' to /sys/class/gpsdrv/gps/suspend okay
02-04 00:26:25.808   272   272 D MNLD    : mnl_write_attr: write '0' to /sys/class/gpsdrv/gps/state okay
02-04 00:26:25.808   272   272 D MNLD    : mnl_write_attr: write '1' to /sys/class/gpsdrv/gps/pwrsave okay
02-04 00:26:25.808   272   272 D mnl_linux: read_prop: read_prop: open /data/misc/mnl.prop fail!
02-04 00:26:25.808   272   272 D mnl_linux: read_prop: read_prop: open /sbin/mnl.prop fail!
02-04 00:26:25.808   272   272 E mnl_linux: mnl_utl_load_property: Config is not set yet, ignore
02-04 00:26:25.808   272   272 D mnl_linux: mnl_utl_load_property: ========================================
02-04 00:26:25.809   272   272 D mnl_linux: mnl_utl_load_property: [setting] load default value
02-04 00:26:25.809   272   272 D mnl_linux: mnl_utl_load_property: dev_dsp/dev_gps :  
02-04 00:26:25.809   272   272 D mnl_linux: mnl_utl_load_property: init_speed/link_speed: 0 0
02-04 00:26:25.809   272   272 D mnl_linux: mnl_utl_load_property: pmtk_conn/socket_port/dev_dbg : 0 0 
02-04 00:26:25.809   272   272 D mnl_linux: mnl_utl_load_property: debug_nmea/debug_mnl: 0 0x0000
02-04 00:26:25.809   272   272 D mnl_linux: mnl_utl_load_property: nmea2file/dbg2file: 0/0
02-04 00:26:25.809   272   272 D mnl_linux: mnl_utl_load_property: time-out: 15 5 3 10 0 0
02-04 00:26:25.809   272   272 D mnl_linux: mnl_utl_load_property: EPO_Enabled: 0
02-04 00:26:25.809   272   272 D mnl_linux: mnl_utl_load_property: BEE_Enabled: 0
02-04 00:26:25.809   272   272 D mnl_linux: mnl_utl_load_property: SUPL_Enabled: 0
02-04 00:26:25.809   272   272 D mnl_linux: mnl_utl_load_property: SUPLSI_Enabled: 0
02-04 00:26:25.809   272   272 D mnl_linux: mnl_utl_load_property: EPO_priority: 0
02-04 00:26:25.809   272   272 D mnl_linux: mnl_utl_load_property: BEE_priority: 0
02-04 00:26:25.809   272   272 D mnl_linux: mnl_utl_load_property: SUPL_priority: 0
02-04 00:26:25.809   272   272 D mnl_linux: mnl_utl_load_property: AVAILIABLE_AGE: 0
02-04 00:26:25.809   272   272 D mnl_linux: mnl_utl_load_property: RTC_DRIFT: 0
02-04 00:26:25.809   272   272 D mnl_linux: mnl_utl_load_property: TIME_INTERVAL: 0
02-04 00:26:25.809   272   272 D mnl_linux: mnl_utl_load_property: ========================================
02-04 00:26:25.809   272   272 D MNLD    : main: listening..
02-04 00:26:25.809   272   272 D MNLD    : chip_detector: combo_chip_id is 0x6630
02-04 00:26:25.809   272   272 D mnl_linux: mtk_gps_sys_init: Start to read nvram
02-04 00:26:25.809   272   272 D mnl_linux: mtk_gps_sys_init: nvram_init_val not Ready,sleep 500ms
02-04 00:26:25.814   266   266 D NVRAM   : nvram_layout_callback will run!!!
02-04 00:26:25.814   266   266 D NVRAM   : nvram_platform_log_block: 8
02-04 00:26:25.814   266   266 D NVRAM   : nvram_platform_resv_block: 8
02-04 00:26:25.814   266   266 D NVRAM   : nvram_platform_DM_block: 2
02-04 00:26:25.814   266   266 D NVRAM   : nvram_platform_layout_version: 0
02-04 00:26:25.814   266   266 D NVRAM   : nvram_platform_header_offset: 0
02-04 00:26:25.814   266   266 D NVRAM   : g_i4CFG_File_Count: 49
02-04 00:26:25.814   266   266 D NVRAM   : NVM_Init Max Lid: 71
02-04 00:26:25.814   266   266 D NVRAM   : [NVRAM]: info nvram_gpt_flag =1
02-04 00:26:25.814   266   266 D NVRAM   : Total nvram Lid number is 71
02-04 00:26:25.814   266   266 D NVRAM   : Check if update status
02-04 00:26:25.818   286   286 I ATCID   : 88:main(): Boot mode = 0
02-04 00:26:25.818   286   286 I ATCID   : 94:main(): atcid-daemon start!!!
02-04 00:26:25.818   286   286 D ATCID   : 1161:initSerialDevice(): Enter
02-04 00:26:25.818   286   286 D ATCID   : 1243:open_serial_device(): Enter
02-04 00:26:25.818   286   286 I ATCID   : 1251:open_serial_device(): Opened serial port:/dev/ttyGS0
02-04 00:26:25.818   286   286 D ATCID   : 1268:open_serial_device(): serial->fd is 4 
02-04 00:26:25.818   286   286 D ATCID   : 1243:open_serial_device(): Enter
02-04 00:26:25.818   286   286 I ATCID   : 1251:open_serial_device(): Opened serial port:/dev/ttyGS1
02-04 00:26:25.818   286   286 D ATCID   : 1268:open_serial_device(): serial->fd is 5 
02-04 00:26:25.818   286   286 D ATCID   : 1330:adb_socket_listen(): Listen socket on fd :11
02-04 00:26:25.818   286   286 D ATCID   : 1007:readerLoop(): Enter
02-04 00:26:25.821   270   270 E agps    : [agps] ERR: [MAIN] mtk_agpsd is running ver=4.55.0
02-04 00:26:25.821   270   270 E agps    : [agps] ERR: [MAIN] mtk_agpsd is for Android
02-04 00:26:25.821   270   270 D agps    : [agps] WARNING: [MAIN] mkdir failure for [/data/agps_supl/log] reason=[File exists]
02-04 00:26:25.823   270   270 D MtkAgpsNative: SuplRawLog.bEnable:0
02-04 00:26:25.823   270   270 D MtkAgpsNative: SuplRawLog.szPath:/sdcard
02-04 00:26:25.823   270   270 D MtkAgpsNative: SuplRawLog.szFile:agps_raw.log
02-04 00:26:25.823   270   270 D MtkAgpsNative: SuplSslLog.bEnable:0
02-04 00:26:25.824   270   270 D MtkAgpsNative: SuplSslLog.szPath:/sdcard
02-04 00:26:25.824   270   270 D MtkAgpsNative: SuplSslLog.szFile:agps_ssl.log
02-04 00:26:25.824   270   270 I MtkAgpsNative: [CDMA mgr] cdma_mgr_dlopen_firmware 
02-04 00:26:25.824   270   270 E MtkAgpsNative: [CDMA mgr] VIAMTKDBG Could not open /system/lib/libviagpsrpc.so, error: dlopen failed: library "/system/lib/libviagpsrpc.so" not found
02-04 00:26:25.824   270   270 D agps    : [agps] WARNING: [MAIN] cdma_mgr_dlopen_firmware failed
02-04 00:26:25.824   270   305 I MtkAgpsNative: Enter mtk_agps_up_init
02-04 00:26:25.824   270   305 D MtkAgpsNative: FS_CreateDir: /data/agps_supl
02-04 00:26:25.824   270   305 W MtkAgpsNative:   -> errno(EEXIST) => dir already exists
02-04 00:26:25.824   270   305 D MtkAgpsNative: mtk_agps_debug_init()
02-04 00:26:25.824   270   305 D MtkAgpsNative: Enter supl_os_timer_init
02-04 00:26:25.825   270   305 D MtkAgpsNative: rrlp_mod_init(): Init rrlp_ptr_g
02-04 00:26:25.825   270   305 I MtkAgpsNative: [????] kal_create_mutex: name(tls_global) 
02-04 00:26:25.825   270   305 D MtkAgpsNative: [????] -> idx(0) tbl_mtx_name()  name(tls_global) 
02-04 00:26:25.825   270   305 D MtkAgpsNative: [????]   -> empty slot found (0)
02-04 00:26:25.825   270   305 D MtkAgpsNative: [????]   -> kal_create_mutex: idx(0) name(tls_global) 
02-04 00:26:25.828   270   321 D agps    : [agps][n][task] rrlp  is running
02-04 00:26:25.828   270   322 D agps    : [agps][n][task] lpp  is running
02-04 00:26:25.828   270   322 D agps    : [agps][n][task] lpp  before poll...
02-04 00:26:25.828   270   321 D agps    : [agps][n][task] rrlp  before poll...
02-04 00:26:25.830   270   305 D agps    : [agps] WARNING: [CP] get_ccci_uart  is not a tty
02-04 00:26:25.830   270   305 D agps    : [agps] WARNING: [CP] get_ccci_uart  [/dev/ttyC2] success
02-04 00:26:25.830   270   305 D agps    : [agps][n][CP] ccci_uart_1  open success
02-04 00:26:25.830   270   305 D agps    : [agps][n][CP] [MD_1] write  sim_info_req
02-04 00:26:25.830   270   305 E agps    : [agps] ERR: [Utility] safe_write reason=[No such device]19
02-04 00:26:25.830   270   305 E agps    : [agps] ERR: [CP] get_ccci_uart  open failed node=[/dev/ccci2_tty2] reason=[No such file or directory]
02-04 00:26:25.830   270   305 E agps    : [agps] ERR: [CP] ccci_uart_2  open failed
02-04 00:26:25.831   270   305 D agps    : [agps][n][AGPS] [MNL] write  agps_reboot
02-04 00:26:25.832   270   305 D agps    : [agps][n][AGPS] xml file load from [/etc/agps_profiles_conf2.xml]
02-04 00:26:25.832   266   266 D NVRAM   : Check FILE_VER in first boot
02-04 00:26:25.832   266   266 D NVRAM   : Begin excute customer callback!!!
02-04 00:26:25.832   266   266 D NVRAM   : nvram daemon callback will run!!!
02-04 00:26:25.833   266   266 D NVRAM   : Callback return 0
02-04 00:26:25.833   266   266 D NVRAM   : enter unencrypted state
02-04 00:26:25.835   282   282 I gatekeeperd: Starting gatekeeperd...
02-04 00:26:25.835   282   282 W gatekeeperd: falling back to software GateKeeper
02-04 00:26:25.836   239   239 E SELinux : avc:  denied  { add } for service=android.service.gatekeeper.IGateKeeperService pid=282 uid=1000 scontext=u:r:kernel:s0 tcontext=u:object_r:gatekeeper_service:s0 tclass=service_manager permissive=1
02-04 00:26:25.837   303   303 I cm      : | | | | | |  __/ (_| | (_| |  __/ (_) \__ \ 
02-04 00:26:25.845   270   305 D agps    : [agps] WARNING: [Default]  =================== dump_agps_mgr_agps_config ===================
02-04 00:26:25.845   270   305 D agps    : [agps][n][Default] cur_supl_profile  name=[GOOGLE] addr=[supl.google.com] port=[7275] tls=[1] mcc=[] mcc_mnc=[] is_auto_config=[0] supl_version=[1] tls_version=[0] sha_version=[0] app_id=[] provider_id=[] default_apn=[] option_apn=[] optional_apn_2=[] addr_type=[]
02-04 00:26:25.845   270   305 D agps    : [agps][n][Default] cdma_profile  name=[CDMA1] mcp_enable=[0] mcp_addr=[10.199.2.165] mcp_port=[6066] pde_addr_valid=[0] pde_ip_type=[0] pde_addr=[11.11.11.11] pde_port=[1111] pde_url_valid=[0] pde_url_addr=[www.mediatek.com]
02-04 00:26:25.845   270   305 D agps    : [agps][n][Default] agps_setting  agps_enable=[1] agps_protocol=[0] gpevt=[0]
02-04 00:26:25.846   270   305 D agps    : [agps][n][Default] cp_setting  molr_pos_method=[0] external_addr=[0][0123456789*#+] mlc_number=[0][0123456789*#+] cp_auto_reset=[0] epc_molr_lpp_payload_enable=[0] lpp_payload=[50]
02-04 00:26:25.846   270   305 D agps    : [agps][n][Utility] agps_dump_buf=lpp_payload  0xd2,0x00,0x00,0x10,0x23,0x7b,0x20,0x26,0x40,0x4f,0xb8,0x00,0x72,0x02,0xbf,0xff,0xff,0xff,0xf8,0x00,0x00,0x00,0x00,0x20,0xc0,0x00,0x01,0x00,0x94,0x0f,0xb9,0x00,
02-04 00:26:25.846   270   305 D agps    : [agps][n][Utility] agps_dump_buf=lpp_payload  0x12,0x02,0xb7,0xff,0xff,0xf8,0x00,0x00,0x00,0x00,0x00,0x61,0x80,0x00,0x02,0x01,0x8a,0x00,
02-04 00:26:25.846   270   305 D agps    : [agps][n][Default] up_setting  ca_enable=[0] ni_request=[1] roaming=[1] cdma_preferred=[0] pref_method=[1] supl_version=[1] tls_version=[0] sha_version=[0] supl_log=[0] msa=[1] msb=[1] ecid=[1] otdoa=[0] autonomous=[1] aflt=[0] hacc=[22] vacc=[0] loc_age=[0] delay=[0] udp_port_enable=[0] dedicated_apn_enable=[0] preferred_2g3g_cell_age=[300] lpp_enable=[1] cert_from_sdcard=[1] auto_profile_enable=[1] ut2=[11] ut3=[10] sync_to_slp=[0]
02-04 00:26:25.846   270   305 D agps    : [agps][n][EVDO] epoll fail, recvfd <= 0
02-04 00:26:25.846   270   305 D agps    : [agps][n][EVDO] epoll fail, hdrfd <= 0
02-04 00:26:25.860   337   337 I cm      : |_|_|_| |_|\___|\__,_|\__, |\___|\___/|___/ 
02-04 00:26:25.869   240   240 D libEGL  : loaded /vendor/lib/egl/libEGL_mtk.so
02-04 00:26:25.884   341   341 I cm      :                       |___/ 
02-04 00:26:25.900   279   279 I GuiExt  : GuiExt service start...
02-04 00:26:25.900   279   279 I GuiExt  : [GuiExtS] GuiExtService ctor
02-04 00:26:25.900   279   279 I GuiExt  : [GuiExtI] GuiExtPool ctor
--------- beginning of crash
02-04 00:26:25.920   285   285 F libc    : CANNOT LINK EXECUTABLE "/system/bin/atci_service": cannot locate symbol "_ZN7android14SurfaceControl8setLayerEi" referenced by "/system/lib/libaal.so"...
02-04 00:26:25.921   285   285 F libc    : Fatal signal 6 (SIGABRT), code -6 in tid 285 (atci_service)
02-04 00:26:25.921   257   257 W         : debuggerd: handling request: pid=285 uid=0 gid=1001 tid=285
02-04 00:26:25.925   347   347 E         : debuggerd: Unable to connect to activity manager (connect failed: No such file or directory)
02-04 00:26:25.932   244   244 I 6620_launcher: Can't open device node(/dev/stpwmt) error:-1 
02-04 00:26:25.956   349   349 I cm      : Welcome to Android 7.1.1 / LineageOS-14.1-20170123-UNOFFICIAL-For_EU 
02-04 00:26:25.975   347   347 F DEBUG   : *** *** *** *** *** *** *** *** *** *** *** *** *** *** *** ***
02-04 00:26:25.975   347   347 F DEBUG   : CM Version: '14.1-20170123-UNOFFICIAL-For_EU'
02-04 00:26:25.975   347   347 F DEBUG   : Build fingerprint: 'Lenovo/lineage_x2eu/x2eu:7.1.1/NMF26V/602aaa7258:eng/test-keys'
02-04 00:26:25.975   347   347 F DEBUG   : Revision: '0'
02-04 00:26:25.975   347   347 F DEBUG   : ABI: 'arm'
02-04 00:26:25.976   347   347 F DEBUG   : pid: 285, tid: 285, name: atci_service  >>> /system/bin/atci_service <<<
02-04 00:26:25.976   347   347 F DEBUG   : signal 6 (SIGABRT), code -6 (SI_TKILL), fault addr --------
02-04 00:26:25.976   347   347 F DEBUG   :     r0 00000000  r1 0000011d  r2 00000006  r3 00000008
02-04 00:26:25.976   347   347 F DEBUG   :     r4 b6f9b58c  r5 00000006  r6 b6f9b534  r7 0000010c
02-04 00:26:25.976   347   347 F DEBUG   :     r8 bef266f8  r9 00000003  sl bef26740  fp b6f06010
02-04 00:26:25.976   347   347 F DEBUG   :     ip 00000000  sp bef26690  lr b6f7aeaf  pc b6f7b8c8  cpsr 200f0010
02-04 00:26:25.985   350   350 I sysinit : Running /system/etc/init.d/90userinit 
02-04 00:26:25.993   347   347 F DEBUG   : 
02-04 00:26:25.993   347   347 F DEBUG   : backtrace:
02-04 00:26:25.993   347   347 F DEBUG   :     #00 pc 000468c8  /system/bin/linker (__dl_tgkill+12)
02-04 00:26:25.993   347   347 F DEBUG   :     #01 pc 00045eab  /system/bin/linker (__dl_pthread_kill+34)
02-04 00:26:25.993   347   347 F DEBUG   :     #02 pc 0003e24f  /system/bin/linker (__dl_raise+10)
02-04 00:26:25.993   347   347 F DEBUG   :     #03 pc 0003cd0b  /system/bin/linker (__dl___libc_android_abort+34)
02-04 00:26:25.993   347   347 F DEBUG   :     #04 pc 0003bb10  /system/bin/linker (__dl_abort+4)
02-04 00:26:25.993   347   347 F DEBUG   :     #05 pc 0003dd4b  /system/bin/linker (__dl___libc_fatal+22)
02-04 00:26:25.993   347   347 F DEBUG   :     #06 pc 00009c3f  /system/bin/linker (__dl__ZL29__linker_init_post_relocationR19KernelArgumentBlockj+3146)
02-04 00:26:25.993   347   347 F DEBUG   :     #07 pc 00008f5f  /system/bin/linker (__dl___linker_init+358)
02-04 00:26:25.993   347   347 F DEBUG   :     #08 pc 000027c0  /system/bin/linker (_start+4)
02-04 00:26:25.998   267   267 D PQ      : config PQ... end
02-04 00:26:25.998   267   267 I PQ      : Gamma index: 7/15
02-04 00:26:25.999   267   267 D PQ      : PQ init end !
02-04 00:26:26.048   257   257 W         : debuggerd: resuming target 285
02-04 00:26:26.068   286   286 D ATCID   : 724:readline(): Enter
02-04 00:26:26.068   286   286 D ATCID   : 746:readline(): invalide fd set [3].
02-04 00:26:26.068   286   286 D ATCID   : 459:connectTarget(): Enter
02-04 00:26:26.068   286   286 D ATCID   : 462:connectTarget(): single modem mode and try to connect socket 1.
02-04 00:26:26.068   286   286 E ATCID   : ENOENT[2] : No such file or directory
02-04 00:26:26.068   286   286 E ATCID   : fail to open atci-ril socket. errno:2
02-04 00:26:26.081   260   260 I mediaserver: ServiceManager: 0xb5d1d0a0
02-04 00:26:26.083   266   266 D NVRAM   : Set property success
02-04 00:26:26.083   266   361 D NVRAM   : NVRAM AP_CFG_RDCL_FILE_AUXADC_LID:2 
02-04 00:26:26.083   266   361 D NVRAM   : NVM_GetFileDesc ++
02-04 00:26:26.083   266   362 D NVRAM   : NVM_GetFileDesc ++
02-04 00:26:26.083   266   361 D NVRAM   : NVM_GetCfgFileTable : file_lid = 2
02-04 00:26:26.083   266   362 D NVRAM   : NVM_GetCfgFileTable : file_lid = 1
02-04 00:26:26.083   266   361 D NVRAM   : NVM_GetCfgFileTable done
02-04 00:26:26.083   266   361 D NVRAM   : Open /data/nvram/APCFG/APRDCL/AUXADC,LID:2
02-04 00:26:26.084   266   363 D NVRAM   : [NVRAM Daemon]wifi lid 53 ++
02-04 00:26:26.084   266   363 D NVRAM   : NVM_GetFileDesc ++
02-04 00:26:26.084   266   363 D NVRAM   : NVM_GetCfgFileTable : file_lid = 53
02-04 00:26:26.084   266   363 D NVRAM   : NVM_GetCfgFileTable done
02-04 00:26:26.084   266   363 D NVRAM   : Open /data/nvram/APCFG/APRDEB/WIFI,LID:53
02-04 00:26:26.084   266   362 D NVRAM   : NVM_GetCfgFileTable done
02-04 00:26:26.084   266   362 D NVRAM   : Open /data/nvram/APCFG/APRDEB/BT_Addr,LID:1
02-04 00:26:26.085   266   364 E HWMLIB  : gsensor_open: Couldn't find or open file sensor (Not a typewriter)
02-04 00:26:26.085   266   364 D NVRAM   : null gsensor file handle pointer: 0xffffffff!
02-04 00:26:26.085   266   364 D NVRAM   : stop due to err
02-04 00:26:26.085   266   365 E HWMLIB  : gyroscope_open: Couldn't find or open file sensor (No such file or directory)
02-04 00:26:26.085   266   366 E HWMLIB  : alsps_open: Couldn't open als_ps (No such file or directory)
02-04 00:26:26.085   266   365 D NVRAM   : null gyroscope file handle pointer: -1!
02-04 00:26:26.085   266   366 D NVRAM   : null alsps file handle pointer: 0xffffffff!
02-04 00:26:26.085   266   365 D NVRAM   : stop due to err
02-04 00:26:26.085   266   366 D NVRAM   : stop due to err
02-04 00:26:26.086   266   367 D NVRAM   : [NVRAM Daemon]product info lid 59 ++
02-04 00:26:26.086   266   367 D NVRAM   : NVM_GetFileDesc ++
02-04 00:26:26.086   266   367 D NVRAM   : NVM_GetCfgFileTable : file_lid = 59
02-04 00:26:26.086   266   367 D NVRAM   : NVM_GetCfgFileTable done
02-04 00:26:26.086   266   367 D NVRAM   : 59 is in new nvram partition!!!
02-04 00:26:26.086   266   367 D NVRAM   : New NVRAM partition name is /dev/block/platform/mtk-msdc.0/by-name/proinfo.
02-04 00:26:26.086   266   367 D NVRAM   : [NVRAM Daemon] product info FID 7 rec_size 1024 rec_num 1
02-04 00:26:26.086   266   367 D NVRAM   : 59 is in new nvram partition!!!
02-04 00:26:26.088   260   260 W BatteryNotifier: batterystats service unavailable!
02-04 00:26:26.088   239   239 E SELinux : avc:  denied  { add } for service=media.player pid=260 uid=0 scontext=u:r:kernel:s0 tcontext=u:object_r:mediaserver_service:s0 tclass=service_manager permissive=1
02-04 00:26:26.104   284   284 D [BT3.0+HS]PAL: In pal_hci_log_hdlr_init()
02-04 00:26:26.104   284   284 D [BT3.0+HS]PAL: 
02-04 00:26:26.104   284   284 D [BT3.0+HS]PAL: get property in pal_is_wlan_up status is not running!!!
02-04 00:26:26.104   284   284 D [BT3.0+HS]PAL: open BT host dev
02-04 00:26:26.104   284   284 D [BT3.0+HS]PAL: 
02-04 00:26:26.104   284   284 D [BT3.0+HS]PAL: g_pal_sap_interface.bthost_fd socket_make_sockaddr_un ok! () len:15
02-04 00:26:26.104   284   284 D [BT3.0+HS]PAL: 
02-04 00:26:26.104   284   284 D [BT3.0+HS]PAL: BT socket memsize is 163840, len=4
02-04 00:26:26.104   284   284 D [BT3.0+HS]PAL: 
02-04 00:26:26.104   284   284 D [BT3.0+HS]PAL: BT socket memsize set to 491520
02-04 00:26:26.104   284   284 D [BT3.0+HS]PAL: 
02-04 00:26:26.104   284   284 D [BT3.0+HS]PAL: open HAL dev
02-04 00:26:26.104   284   284 D [BT3.0+HS]PAL: 
02-04 00:26:26.104   284   284 D [BT3.0+HS]PAL: g_pal_sap_interface.hal_fd socket_make_sockaddr_un ok! () len:21
02-04 00:26:26.104   284   284 D [BT3.0+HS]PAL: 
02-04 00:26:26.104   284   284 D [BT3.0+HS]PAL: open timer handler dev
02-04 00:26:26.104   284   284 D [BT3.0+HS]PAL: 
02-04 00:26:26.104   284   284 D [BT3.0+HS]PAL: g_pal_sap_interface.timer_fd socket_make_sockaddr_un ok! () len:27
02-04 00:26:26.104   284   284 D [BT3.0+HS]PAL: 
02-04 00:26:26.104   284   284 D [BT3.0+HS]PAL: g_pal_sap_interface.inject_fd socket_make_sockaddr_un ok! () len:28
02-04 00:26:26.104   284   284 D [BT3.0+HS]PAL: 
02-04 00:26:26.104   284   284 D [BT3.0+HS]PAL: received error
02-04 00:26:26.104   284   284 D [BT3.0+HS]PAL: 
02-04 00:26:26.104   284   284 D [BT3.0+HS]PAL: Unable to get family id, Retry
02-04 00:26:26.104   284   284 D [BT3.0+HS]PAL: 
02-04 00:26:26.104   284   284 D [BT3.0+HS]PAL: received error
02-04 00:26:26.104   284   284 D [BT3.0+HS]PAL: 
02-04 00:26:26.104   284   284 D [BT3.0+HS]PAL: Unable to get family id, Retry
02-04 00:26:26.104   284   284 D [BT3.0+HS]PAL: 
02-04 00:26:26.105   284   284 D [BT3.0+HS]PAL: received error
02-04 00:26:26.105   284   284 D [BT3.0+HS]PAL: 
02-04 00:26:26.105   284   284 D [BT3.0+HS]PAL: Unable to get family id, Retry
02-04 00:26:26.105   284   284 D [BT3.0+HS]PAL: 
02-04 00:26:26.105   284   284 D [BT3.0+HS]PAL: received error
02-04 00:26:26.105   284   284 D [BT3.0+HS]PAL: 
02-04 00:26:26.105   284   284 D [BT3.0+HS]PAL: Unable to get family id, Retry
02-04 00:26:26.105   284   284 D [BT3.0+HS]PAL: 
02-04 00:26:26.105   284   284 D [BT3.0+HS]PAL: received error
02-04 00:26:26.105   284   284 D [BT3.0+HS]PAL: 
02-04 00:26:26.105   284   284 D [BT3.0+HS]PAL: Unable to get family id, Retry
02-04 00:26:26.105   284   284 D [BT3.0+HS]PAL: 
02-04 00:26:26.105   284   284 D [BT3.0+HS]PAL: received error
02-04 00:26:26.105   284   284 D [BT3.0+HS]PAL: 
02-04 00:26:26.105   284   284 D [BT3.0+HS]PAL: Unable to get family id, Retry
02-04 00:26:26.105   284   284 D [BT3.0+HS]PAL: 
02-04 00:26:26.105   284   284 D [BT3.0+HS]PAL: received error
02-04 00:26:26.105   284   284 D [BT3.0+HS]PAL: 
02-04 00:26:26.105   284   284 D [BT3.0+HS]PAL: Unable to get family id, Retry
02-04 00:26:26.105   284   284 D [BT3.0+HS]PAL: 
02-04 00:26:26.105   284   284 D [BT3.0+HS]PAL: received error
02-04 00:26:26.105   284   284 D [BT3.0+HS]PAL: 
02-04 00:26:26.105   284   284 D [BT3.0+HS]PAL: Unable to get family id, Retry
02-04 00:26:26.105   284   284 D [BT3.0+HS]PAL: 
02-04 00:26:26.105   284   284 D [BT3.0+HS]PAL: received error
02-04 00:26:26.105   284   284 D [BT3.0+HS]PAL: 
02-04 00:26:26.105   284   284 D [BT3.0+HS]PAL: Unable to get family id, Retry
02-04 00:26:26.105   284   284 D [BT3.0+HS]PAL: 
02-04 00:26:26.105   284   284 D [BT3.0+HS]PAL: received error
02-04 00:26:26.105   284   284 D [BT3.0+HS]PAL: 
02-04 00:26:26.105   284   284 D [BT3.0+HS]PAL: Unable to get family id, Retry
02-04 00:26:26.105   284   284 D [BT3.0+HS]PAL: 
02-04 00:26:26.105   284   284 D [BT3.0+HS]PAL: Reset Manager Prepare Dummy command
02-04 00:26:26.105   284   284 D [BT3.0+HS]PAL: 
02-04 00:26:26.105   284   284 D [BT3.0+HS]PAL: Reset Manager Send Command for binding
02-04 00:26:26.105   284   284 D [BT3.0+HS]PAL: 
02-04 00:26:26.105   284   284 D [BT3.0+HS]PAL: pal done begin
02-04 00:26:26.105   284   284 D [BT3.0+HS]PAL: 
02-04 00:26:26.105   284   284 D [BT3.0+HS]PAL: == chip_reset_fd is set ==
02-04 00:26:26.105   284   284 D [BT3.0+HS]PAL: 
02-04 00:26:26.105   284   284 D [BT3.0+HS]PAL: received error
02-04 00:26:26.105   284   284 D [BT3.0+HS]PAL: 
02-04 00:26:26.115   266   361 D NVRAM   : NVM_CmpFileVerNo 2  
02-04 00:26:26.115   266   361 D NVRAM   : NVM_GetCfgFileTable : file_lid = 2
02-04 00:26:26.115   266   361 D NVRAM   : Check if FILE_VER exists before openning it!
02-04 00:26:26.115   266   363 D NVRAM   : NVM_CmpFileVerNo 53  
02-04 00:26:26.115   266   362 D NVRAM   : NVM_CmpFileVerNo 1  
02-04 00:26:26.115   266   361 D NVRAM   : NVM_CheckVerFile: 1
02-04 00:26:26.115   266   362 D NVRAM   : NVM_GetCfgFileTable : file_lid = 1
02-04 00:26:26.115   266   363 D NVRAM   : NVM_GetCfgFileTable : file_lid = 53
02-04 00:26:26.115   266   362 D NVRAM   : Check if FILE_VER exists before openning it!
02-04 00:26:26.115   266   362 D NVRAM   : NVM_CheckVerFile: 1
02-04 00:26:26.115   266   363 D NVRAM   : Check if FILE_VER exists before openning it!
02-04 00:26:26.115   266   363 D NVRAM   : NVM_CheckVerFile: 1
02-04 00:26:26.116   266   361 D NVRAM   : New version info file
02-04 00:26:26.116   266   362 D NVRAM   : New version info file
02-04 00:26:26.116   266   363 D NVRAM   : New version info file
02-04 00:26:26.116   266   362 D NVRAM   : Load File Version: 001, NvRam File Version: 001
02-04 00:26:26.116   266   362 D NVRAM   : no need to enc/dnc
02-04 00:26:26.116   266   361 D NVRAM   : Load File Version: 000, NvRam File Version: 000
02-04 00:26:26.116   266   362 D NVRAM   : NVM_CheckFileSize : 1 ++
02-04 00:26:26.116   266   362 D NVRAM   : iCustomBeginLID = 49
02-04 00:26:26.116   266   361 D NVRAM   : no need to enc/dnc
02-04 00:26:26.116   266   362 D NVRAM   : NVM_CheckVerFile: 1
02-04 00:26:26.116   266   362 D NVRAM   : NVM_GetCfgFileTable : file_lid = 1
02-04 00:26:26.116   266   361 D NVRAM   : NVM_CheckFileSize : 2 ++
02-04 00:26:26.116   266   362 D NVRAM   : NVM_CheckFileSize:stat_size:66,size in table:64
02-04 00:26:26.116   266   362 D NVRAM   : NVM_ProtectUserData
02-04 00:26:26.116   266   361 D NVRAM   : iCustomBeginLID = 49
02-04 00:26:26.116   266   362 D NVRAM   : NVM_ProtectUserData:Check File
02-04 00:26:26.116   266   361 D NVRAM   : NVM_CheckVerFile: 1
02-04 00:26:26.116   266   361 D NVRAM   : NVM_GetCfgFileTable : file_lid = 2
02-04 00:26:26.116   266   363 D NVRAM   : Load File Version: 000, NvRam File Version: 000
02-04 00:26:26.116   266   361 D NVRAM   : NVM_CheckFileSize:stat_size:78,size in table:76
02-04 00:26:26.116   266   363 D NVRAM   : no need to enc/dnc
02-04 00:26:26.116   266   361 D NVRAM   : NVM_ProtectUserData
02-04 00:26:26.116   266   363 D NVRAM   : NVM_CheckFileSize : 53 ++
02-04 00:26:26.116   266   361 D NVRAM   : NVM_ProtectUserData:Check File
02-04 00:26:26.116   266   363 D NVRAM   : iCustomBeginLID = 49
02-04 00:26:26.116   266   363 D NVRAM   : NVM_CheckVerFile: 1
02-04 00:26:26.116   266   363 D NVRAM   : NVM_GetCfgFileTable : file_lid = 53
02-04 00:26:26.116   266   363 D NVRAM   : NVM_CheckFileSize:stat_size:514,size in table:512
02-04 00:26:26.116   266   363 D NVRAM   : NVM_ProtectUserData
02-04 00:26:26.116   266   363 D NVRAM   : NVM_ProtectUserData:Check File
02-04 00:26:26.116   239   239 E SELinux : avc:  denied  { add } for service=drm.drmManager pid=258 uid=1019 scontext=u:r:kernel:s0 tcontext=u:object_r:drmserver_service:s0 tclass=service_manager permissive=1
02-04 00:26:26.117   266   362 D NVRAM   : NVM_CheckFile: File is correct!
02-04 00:26:26.117   266   361 D NVRAM   : NVM_CheckFile: File is correct!
02-04 00:26:26.117   266   362 D NVRAM   : NVM_ProtectUserData:Check Success
02-04 00:26:26.117   266   361 D NVRAM   : NVM_ProtectUserData:Check Success
02-04 00:26:26.117   266   362 D NVRAM   : NVM_GetFileDesc ProtectDataFile Check Success!!
02-04 00:26:26.117   266   361 D NVRAM   : NVM_GetFileDesc ProtectDataFile Check Success!!
02-04 00:26:26.117   266   362 D NVRAM   : NVM_GetFileDesc --
02-04 00:26:26.117   266   361 D NVRAM   : NVM_GetFileDesc --
02-04 00:26:26.117   266   362 D NVRAM   : FD 4 rec_size 64 rec_num 1
02-04 00:26:26.117   266   362 D NVRAM   : Read NVRAM: [BDAddr 14-36-c6-53-44-2b][Voice 60 00][Codec 63 10 00 00]               [Radio 07 80 00 06 05 07][Sleep 03 40 1f 40 1f 00 04][BtFTR 80 00]               [TxPWOffset ff ff ff][CoexAdjust 00 00 00 00 00 00]
02-04 00:26:26.125   266   363 D NVRAM   : NVM_CheckFile: File is correct!
02-04 00:26:26.125   266   363 D NVRAM   : NVM_ProtectUserData:Check Success
02-04 00:26:26.125   266   363 D NVRAM   : NVM_GetFileDesc ProtectDataFile Check Success!!
02-04 00:26:26.125   266   363 D NVRAM   : NVM_GetFileDesc --
02-04 00:26:26.125   266   363 D NVRAM   : [wifi] wifi FD 6 rec_size 512 rec_num 1
02-04 00:26:26.125   266   363 D NVRAM   : [NVRAM Daemon]wifi custom lid 54 ++
02-04 00:26:26.125   266   363 D NVRAM   : NVM_GetFileDesc ++
02-04 00:26:26.126   266   363 D NVRAM   : NVM_GetCfgFileTable : file_lid = 54
02-04 00:26:26.126   266   363 D NVRAM   : NVM_GetCfgFileTable done
02-04 00:26:26.126   266   363 D NVRAM   : Open /data/nvram/APCFG/APRDEB/WIFI_CUSTOM,LID:54
02-04 00:26:26.126   266   363 D NVRAM   : NVM_CmpFileVerNo 54  
02-04 00:26:26.126   266   363 D NVRAM   : NVM_GetCfgFileTable : file_lid = 54
02-04 00:26:26.126   266   363 D NVRAM   : Check if FILE_VER exists before openning it!
02-04 00:26:26.126   266   363 D NVRAM   : NVM_CheckVerFile: 1
02-04 00:26:26.126   266   363 D NVRAM   : New version info file
02-04 00:26:26.126   266   363 D NVRAM   : Load File Version: 000, NvRam File Version: 000
02-04 00:26:26.126   266   363 D NVRAM   : no need to enc/dnc
02-04 00:26:26.126   266   363 D NVRAM   : NVM_CheckFileSize : 54 ++
02-04 00:26:26.126   266   363 D NVRAM   : iCustomBeginLID = 49
02-04 00:26:26.126   266   363 D NVRAM   : NVM_CheckVerFile: 1
02-04 00:26:26.126   266   363 D NVRAM   : NVM_GetCfgFileTable : file_lid = 54
02-04 00:26:26.126   266   363 D NVRAM   : NVM_CheckFileSize:stat_size:6,size in table:4
02-04 00:26:26.126   266   363 D NVRAM   : NVM_ProtectUserData
02-04 00:26:26.126   266   363 D NVRAM   : NVM_ProtectUserData:Check File
02-04 00:26:26.127   266   363 D NVRAM   : NVM_CheckFile: File is correct!
02-04 00:26:26.127   266   363 D NVRAM   : NVM_ProtectUserData:Check Success
02-04 00:26:26.127   266   363 D NVRAM   : NVM_GetFileDesc ProtectDataFile Check Success!!
02-04 00:26:26.127   266   363 D NVRAM   : NVM_GetFileDesc --
02-04 00:26:26.127   266   363 D NVRAM   : [wifi] wifi custom FD 7 rec_size 4 rec_num 1
02-04 00:26:26.147   266   362 D NVRAM   : NVM_CheckFileSize : 1 ++
02-04 00:26:26.147   266   361 D NVRAM   : NVM_CheckFileSize : 2 ++
02-04 00:26:26.147   266   362 D NVRAM   : iCustomBeginLID = 49
02-04 00:26:26.147   266   361 D NVRAM   : iCustomBeginLID = 49
02-04 00:26:26.147   266   362 D NVRAM   : NVM_CheckVerFile: 1
02-04 00:26:26.147   266   361 D NVRAM   : NVM_CheckVerFile: 1
02-04 00:26:26.147   266   362 D NVRAM   : NVM_GetCfgFileTable : file_lid = 1
02-04 00:26:26.147   266   361 D NVRAM   : NVM_GetCfgFileTable : file_lid = 2
02-04 00:26:26.147   266   362 D NVRAM   : NVM_CheckFileSize:stat_size:66,size in table:64
02-04 00:26:26.147   266   361 D NVRAM   : NVM_CheckFileSize:stat_size:78,size in table:76
02-04 00:26:26.147   266   362 D NVRAM   : NVM_ProtectUserData
02-04 00:26:26.147   266   361 D NVRAM   : NVM_ProtectUserData
02-04 00:26:26.147   266   362 D NVRAM   : NVM_ProtectUserData:Set Check Num
02-04 00:26:26.147   266   361 D NVRAM   : NVM_ProtectUserData:Set Check Num
02-04 00:26:26.147   266   362 D NVRAM   : NVM_SetCheckNo: CheckNo:d0
02-04 00:26:26.147   266   361 D NVRAM   : NVM_SetCheckNo: CheckNo:2b
02-04 00:26:26.147   266   362 D NVRAM   : NVM_SetCheckNo: CheckFlag:0
02-04 00:26:26.147   266   361 D NVRAM   : NVM_SetCheckNo: CheckFlag:0
02-04 00:26:26.158   240   240 D libEGL  : loaded /vendor/lib/egl/libGLESv1_CM_mtk.so
02-04 00:26:26.158   240   240 E IMGSRV  : :0: OGLES3LIBNAME is /system/vendor/lib/egl/libGLESv2_mtk.so
02-04 00:26:26.168   286   286 D ATCID   : 724:readline(): Enter
02-04 00:26:26.169   286   286 D ATCID   : 746:readline(): invalide fd set [3].
02-04 00:26:26.169   286   286 D ATCID   : 784:readline(): Wait for select data from USB
02-04 00:26:26.188   266   361 D NVRAM   : NVM_SetCheckNo: CheckNo generate successfully!
02-04 00:26:26.188   266   362 D NVRAM   : NVM_SetCheckNo: CheckNo generate successfully!
02-04 00:26:26.188   266   362 D NVRAM   : NVM_ProtectUserData:Set Check Num Success
02-04 00:26:26.188   266   361 D NVRAM   : NVM_ProtectUserData:Set Check Num Success
02-04 00:26:26.188   266   362 D NVRAM   : NVM_CloseFileDesc ProtectDataFile Success!!
02-04 00:26:26.188   266   361 D NVRAM   : NVM_CloseFileDesc ProtectDataFile Success!!
02-04 00:26:26.188   266   362 D NVRAM   : no need to enc/dnc
02-04 00:26:26.188   266   361 D NVRAM   : no need to enc/dnc
02-04 00:26:26.189   266   266 D NVRAM   : NVRAM daemon sleep !
02-04 00:26:26.191   245   245 D ccci_fsd(1): nvram ready! 2
02-04 00:26:26.193   245   245 D ccci_fsd(1): Check OTP...
02-04 00:26:26.193   245   245 D ccci_fsd(1): register signal hadler
02-04 00:26:26.193   245   245 E ccci_fsd(1): can't catch SIGKILL
02-04 00:26:26.215   240   240 D libEGL  : loaded /vendor/lib/egl/libGLESv2_mtk.so
02-04 00:26:26.233   244   244 I 6620_launcher: Can't open device node(/dev/stpwmt) error:-1 
02-04 00:26:26.273   240   240 D IMGSRV  : gralloc_module_getimplementationformat:2526: usage=0x1000 > fmt=0x1
02-04 00:26:26.273   240   240 D IMGSRV  : gralloc_module_getimplementationformat:2526: usage=0x1000 > fmt=0x1
02-04 00:26:26.273   240   240 D IMGSRV  : gralloc_module_getimplementationformat:2526: usage=0x1000 > fmt=0x1
02-04 00:26:26.273   240   240 D IMGSRV  : gralloc_module_getimplementationformat:2526: usage=0x1000 > fmt=0x1
02-04 00:26:26.273   240   240 D IMGSRV  : gralloc_module_getimplementationformat:2526: usage=0x1000 > fmt=0x1
02-04 00:26:26.273   240   240 E GED     : Failed to get GED Log Buf, err(0)
02-04 00:26:26.282   240   240 E SurfaceFlinger: Couldn't set SCHED_FIFO for SFEventThread
02-04 00:26:26.283   240   240 W hwcomposer: [EVENT] Start to listen uevent, addr.nl_pid(240)
02-04 00:26:26.284   240   240 D MDP     : [TDSHP][PQDC] DISP_IOCTL_PQ_GET_TDSHP_FLAG()... tuning flag[0]
02-04 00:26:26.284   240   240 D MDP     : [TDSHP][PQDS] got sharpness level 0x00000004, time 0 ms
02-04 00:26:26.284   240   240 D MDP     : [TDSHP][PQDS] registration(10000001)
02-04 00:26:26.284   240   240 D MDP     : [TDSHP][PQDS] createDSHandle(), id[10000001]
02-04 00:26:26.285   239   239 E SELinux : avc:  denied  { find } for service=GuiExtService pid=240 uid=1000 scontext=u:r:kernel:s0 tcontext=u:object_r:default_android_service:s0 tclass=service_manager permissive=1
02-04 00:26:26.286   279   279 D GuiExt  : [GuiExtI]   configDisplay, type=0, enable=1, w=1080, h=1920, bufNum=3
02-04 00:26:26.286   279   279 I GuiExt  : [GuiExtI]   configDisplay, try to modify primary display, type=0, w=1080, h=1920, bufNum=3
02-04 00:26:26.286   279   279 I GuiExt  : [GuiExtI]   configDisplay, add new type=0, w=1080, h=1920, bufNum=3
02-04 00:26:26.286   240   240 W hwcomposer: [EVENT] HW VSync State(1)
02-04 00:26:26.286   240   240 I hwcomposer: [DPY] Display Information:
