02-04 00:26:26.286   240   240 I hwcomposer: [DPY] # fo current devices : 1
02-04 00:26:26.286   240   240 I hwcomposer: [DPY] ------------------------------------
02-04 00:26:26.286   240   240 I hwcomposer: [DPY] Device id   : 0
02-04 00:26:26.286   240   240 I hwcomposer: [DPY] Width       : 1080
02-04 00:26:26.286   240   240 I hwcomposer: [DPY] Height      : 1920
02-04 00:26:26.286   240   240 I hwcomposer: [DPY] xdpi        : 480.000000
02-04 00:26:26.286   240   240 I hwcomposer: [DPY] ydpi        : 480.000000
02-04 00:26:26.286   240   240 I hwcomposer: [DPY] vsync       : 1
02-04 00:26:26.286   240   240 I hwcomposer: [DPY] refresh     : 16725204
02-04 00:26:26.286   240   240 I hwcomposer: [DPY] connected   : 1
02-04 00:26:26.286   240   240 I hwcomposer: [DPY] hwrotation  : 0
02-04 00:26:26.286   240   240 I hwcomposer: [DPY] subtype     : 0
02-04 00:26:26.286   240   240 I hwcomposer: [DPY] aspect      : 0.562, 1.778
02-04 00:26:26.286   240   240 I hwcomposer: [DPY] protrait    : [   0,   0,1080,1920]
02-04 00:26:26.286   240   240 I hwcomposer: [DPY] landscape   : [   0,   0,1080,1920]
02-04 00:26:26.286   240   240 I SurfaceFlinger: Using composer version 1.4
02-04 00:26:26.286   240   240 I hwcomposer: [HWC] getConfigs Display(0)
02-04 00:26:26.286   240   240 I hwcomposer: [HWC] getAttributes Display(0)
02-04 00:26:26.286   240   240 I hwcomposer: [HWC] getConfigs Display(1)
02-04 00:26:26.286   240   240 I hwcomposer: [HWC] getAttributes Display(1)
02-04 00:26:26.286   240   240 W hwcomposer: [HWC] Failed to get display attributes (dpy=1 is not connected)
02-04 00:26:26.286   240   240 I hwcomposer: [HWC] getAttributes Display(1)
02-04 00:26:26.286   240   240 W hwcomposer: [HWC] Failed to get display attributes (dpy=1 is not connected)
02-04 00:26:26.286   240   240 I SurfaceFlinger: EGL information:
02-04 00:26:26.286   240   240 I SurfaceFlinger: vendor    : Android
02-04 00:26:26.286   240   240 I SurfaceFlinger: version   : 1.4 Android META-EGL
02-04 00:26:26.286   240   240 I SurfaceFlinger: extensions: EGL_KHR_get_all_proc_addresses EGL_ANDROID_presentation_time EGL_KHR_swap_buffers_with_damage EGL_ANDROID_create_native_client_buffer EGL_ANDROID_front_buffer_auto_refresh EGL_KHR_image EGL_KHR_image_base EGL_KHR_gl_texture_2D_image EGL_KHR_gl_texture_cubemap_image EGL_KHR_gl_renderbuffer_image EGL_KHR_fence_sync EGL_KHR_create_context EGL_KHR_surfaceless_context EGL_EXT_create_context_robustness EGL_ANDROID_image_native_buffer EGL_KHR_wait_sync EGL_ANDROID_recordable 
02-04 00:26:26.286   240   240 I SurfaceFlinger: Client API: OpenGL_ES
02-04 00:26:26.286   240   240 I SurfaceFlinger: EGLSurface: 8-8-8-8, config=0x15
02-04 00:26:26.296   240   240 I SurfaceFlinger: OpenGL ES informations:
02-04 00:26:26.296   240   240 I SurfaceFlinger: vendor    : Imagination Technologies
02-04 00:26:26.296   240   240 I SurfaceFlinger: renderer  : PowerVR Rogue G6200
02-04 00:26:26.296   240   240 I SurfaceFlinger: version   : OpenGL ES 3.1 build 1.4@3300288
02-04 00:26:26.296   240   240 I SurfaceFlinger: extensions: GL_EXT_debug_marker GL_EXT_blend_minmax GL_EXT_color_buffer_float GL_EXT_discard_framebuffer GL_EXT_draw_buffers GL_EXT_multi_draw_arrays GL_EXT_multisampled_render_to_texture GL_EXT_occlusion_query_boolean GL_EXT_read_format_bgra GL_EXT_robustness GL_EXT_separate_shader_objects GL_EXT_shader_framebuffer_fetch GL_EXT_shader_texture_lod GL_EXT_texture_filter_anisotropic GL_EXT_texture_format_BGRA8888 GL_EXT_texture_rg GL_EXT_texture_sRGB_decode GL_IMG_multisampled_render_to_texture GL_IMG_program_binary GL_IMG_read_format GL_IMG_shader_binary GL_IMG_texture_compression_pvrtc GL_IMG_texture_compression_pvrtc2 GL_IMG_texture_format_BGRA8888 GL_IMG_texture_npot GL_KHR_blend_equation_advanced GL_KHR_blend_equation_advanced_coherent GL_KHR_debug GL_OES_compressed_ETC1_RGB8_texture GL_OES_depth24 GL_OES_depth_texture GL_OES_EGL_image GL_OES_EGL_image_external GL_OES_EGL_sync GL_OES_element_index_uint GL_OES_fragment_precision_high GL_OES_get_program_binary GL_OES_mapbuffer GL_OES_packed_depth_stencil GL
02-04 00:26:26.296   240   240 I SurfaceFlinger: GL_MAX_TEXTURE_SIZE = 8192
02-04 00:26:26.296   240   240 I SurfaceFlinger: GL_MAX_VIEWPORT_DIMS = 8192
02-04 00:26:26.296   240   240 E cutils-trace: Error opening trace file: Permission denied (13)
02-04 00:26:26.303   240   240 D IMGSRV  : gralloc_device_alloc:1102: hnd=0xb68a5a20 ID=75 fd=19 ref=1 1080(1088)x1920-0x1 usage=0x1a00 size=8355840(8355840) cache=0
02-04 00:26:26.309   272   272 D mnl_linux: mtk_gps_sys_init: nvram_init_val Ready
02-04 00:26:26.309   272   272 D mnl_linux: mtk_gps_sys_init: Get nvram restore ready retry cc=2
02-04 00:26:26.309   272   272 D NVRAM   : NVM_GetFileDesc ++
02-04 00:26:26.309   272   272 D NVRAM   : nvram_layout_callback will run!!!
02-04 00:26:26.309   272   272 D NVRAM   : nvram_platform_log_block: 8
02-04 00:26:26.309   272   272 D NVRAM   : nvram_platform_resv_block: 8
02-04 00:26:26.309   272   272 D NVRAM   : nvram_platform_DM_block: 2
02-04 00:26:26.309   272   272 D NVRAM   : nvram_platform_layout_version: 0
02-04 00:26:26.309   272   272 D NVRAM   : nvram_platform_header_offset: 0
02-04 00:26:26.309   272   272 D NVRAM   : g_i4CFG_File_Count: 49
02-04 00:26:26.309   272   272 D NVRAM   : NVM_Init Max Lid: 71
02-04 00:26:26.309   272   272 D NVRAM   : [NVRAM]: info nvram_gpt_flag =1
02-04 00:26:26.309   272   272 D NVRAM   : NVM_GetCfgFileTable : file_lid = 50
02-04 00:26:26.309   272   272 D NVRAM   : NVM_GetCfgFileTable done
02-04 00:26:26.309   272   272 D NVRAM   : Open /data/nvram/APCFG/APRDEB/GPS,LID:50
02-04 00:26:26.309   272   272 D NVRAM   : NVM_CmpFileVerNo 50  
02-04 00:26:26.309   272   272 D NVRAM   : NVM_GetCfgFileTable : file_lid = 50
02-04 00:26:26.309   272   272 D NVRAM   : Check if FILE_VER exists before openning it!
02-04 00:26:26.309   272   272 D NVRAM   : NVM_CheckVerFile: 1
02-04 00:26:26.310   272   272 D NVRAM   : New version info file
02-04 00:26:26.310   272   272 D NVRAM   : Load File Version: 000, NvRam File Version: 000
02-04 00:26:26.310   272   272 D NVRAM   : no need to enc/dnc
02-04 00:26:26.310   272   272 D NVRAM   : NVM_CheckFileSize : 50 ++
02-04 00:26:26.310   272   272 D NVRAM   : iCustomBeginLID = 49
02-04 00:26:26.310   272   272 D NVRAM   : NVM_CheckVerFile: 1
02-04 00:26:26.310   272   272 D NVRAM   : NVM_GetCfgFileTable : file_lid = 50
02-04 00:26:26.310   272   272 D NVRAM   : NVM_CheckFileSize:stat_size:54,size in table:52
02-04 00:26:26.310   272   272 D NVRAM   : NVM_ProtectUserData
02-04 00:26:26.310   272   272 D NVRAM   : NVM_ProtectUserData:Check File
02-04 00:26:26.314   272   272 D NVRAM   : NVM_CheckFile: File is correct!
02-04 00:26:26.315   272   272 D NVRAM   : NVM_ProtectUserData:Check Success
02-04 00:26:26.315   272   272 D NVRAM   : NVM_GetFileDesc ProtectDataFile Check Success!!
02-04 00:26:26.315   272   272 D NVRAM   : NVM_GetFileDesc --
02-04 00:26:26.335   272   272 D NVRAM   : no need to enc/dnc
02-04 00:26:26.335   272   272 D NVRAM   : NVM_CloseFileDesc: Open by Readonly, no need to check when close
02-04 00:26:26.335   272   272 D mnl_linux: mtk_gps_sys_init: GPS NVRam (52 * 1) : 
02-04 00:26:26.335   272   272 D mnl_linux: mtk_gps_sys_init: dsp_dev(/dev/stpgps) : /dev/stpgps
02-04 00:26:26.335   272   272 D mnl_linux: mtk_gps_sys_init: gps_tcxo_hz : 26000000
02-04 00:26:26.335   272   272 D mnl_linux: mtk_gps_sys_init: gps_tcxo_ppb : 2000
02-04 00:26:26.335   272   272 D mnl_linux: mtk_gps_sys_init: gps_tcxo_type : 255
02-04 00:26:26.335   272   272 D mnl_linux: mtk_gps_sys_init: gps_lna_mode : 0
02-04 00:26:26.335   272   272 E MNLD    : read_NVRAM: not 3332 UART port
02-04 00:26:26.335   272   272 D MNLD    : chip_detector: exit chip_detector
02-04 00:26:26.335   272   272 D MNLD    : main: main2
02-04 00:26:26.335   272   272 D MNLD    : main: main3
02-04 00:26:26.335   272   272 D MNLD    : epoll_init: Print:epoll_add success
02-04 00:26:26.335   272   272 D MNLD    : main: new connection
02-04 00:26:26.335   272   272 D MNLD    : process: epoll_wait() received 1 events
02-04 00:26:26.335   272   272 D MNLD    : process: mnl2agps_handler: ret = 0
02-04 00:26:26.335   272   272 D MNLD    : agps_reboot: agps_reboot
02-04 00:26:26.336   272   272 E MNLD    : main: process data error: 13 (Permission denied)
02-04 00:26:26.353   240   240 D SurfaceFlinger: SF. shader cache generated - 26 shaders in 49.293152 ms
02-04 00:26:26.354   239   239 E SELinux : avc:  denied  { add } for service=SurfaceFlinger pid=240 uid=1000 scontext=u:r:kernel:s0 tcontext=u:object_r:surfaceflinger_service:s0 tclass=service_manager permissive=1
02-04 00:26:26.354   239   239 E SELinux : avc:  denied  { add } for service=gpu pid=240 uid=1000 scontext=u:r:kernel:s0 tcontext=u:object_r:gpu_service:s0 tclass=service_manager permissive=1
02-04 00:26:26.354   240   240 E SurfaceFlinger: Couldn't set SCHED_FIFO
02-04 00:26:26.355   240   240 D SurfaceFlinger: Set power mode=2, type=0 flinger=0xb68b2000
02-04 00:26:26.355   240   240 I hwcomposer: [HWC] SetPowerMode(2) Display(0)
02-04 00:26:26.355   240   240 W SurfaceFlinger: Couldn't set SCHED_FIFO on display on
02-04 00:26:26.379   240   240 W hwcomposer: [HWC] PRE/bypass/dpy=0/boot=0.1
02-04 00:26:26.385   240   240 W hwcomposer: [JOB] SET/bypass/dpy=0/nulljob
02-04 00:26:26.434   243   243 I wmt_loader: external combo chip detected
02-04 00:26:26.434   243   243 I wmt_loader: chipid (0x6630) detected
02-04 00:26:26.533   244   244 I 6620_launcher: Can't open device node(/dev/stpwmt) error:-1 
02-04 00:26:26.653   281   281 D AndroidRuntime: >>>>>> START com.android.internal.os.ZygoteInit uid 0 <<<<<<
02-04 00:26:26.660   281   281 I zygote  : type=1400 audit(0.0:344): avc: denied { write } for name="trace_marker" dev="debugfs" ino=2056 scontext=u:r:kernel:s0 tcontext=u:object_r:debugfs:s0 tclass=file permissive=1
02-04 00:26:26.660   281   281 I zygote  : type=1400 audit(0.0:345): avc: denied { open } for path="/sys/kernel/debug/tracing/trace_marker" dev="debugfs" ino=2056 scontext=u:r:kernel:s0 tcontext=u:object_r:debugfs:s0 tclass=file permissive=1
02-04 00:26:26.670   281   281 D AndroidRuntime: CheckJNI is ON
02-04 00:26:26.676   281   281 I art     : option[0]=-Xzygote
02-04 00:26:26.676   281   281 I art     : option[1]=-Xcheck:jni
02-04 00:26:26.676   281   281 I art     : option[2]=-Xstacktracefile:/data/anr/traces.txt
02-04 00:26:26.676   281   281 I art     : option[3]=exit
02-04 00:26:26.676   281   281 I art     : option[4]=vfprintf
02-04 00:26:26.676   281   281 I art     : option[5]=sensitiveThread
02-04 00:26:26.676   281   281 I art     : option[6]=-verbose:gc
02-04 00:26:26.676   281   281 I art     : option[7]=-Xms16m
02-04 00:26:26.676   281   281 I art     : option[8]=-Xmx512m
02-04 00:26:26.676   281   281 I art     : option[9]=-XX:HeapGrowthLimit=192m
02-04 00:26:26.676   281   281 I art     : option[10]=-XX:HeapMinFree=2m
02-04 00:26:26.676   281   281 I art     : option[11]=-XX:HeapMaxFree=8m
02-04 00:26:26.676   281   281 I art     : option[12]=-XX:HeapTargetUtilization=0.75
02-04 00:26:26.676   281   281 I art     : option[13]=-Xusejit:true
02-04 00:26:26.676   281   281 I art     : option[14]=-Xjitsaveprofilinginfo
02-04 00:26:26.676   281   281 I art     : option[15]=-agentlib:jdwp=transport=dt_android_adb,suspend=n,server=y
02-04 00:26:26.676   281   281 I art     : option[16]=-Xlockprofthreshold:500
02-04 00:26:26.676   281   281 I art     : option[17]=-Ximage-compiler-option
02-04 00:26:26.676   281   281 I art     : option[18]=--runtime-arg
02-04 00:26:26.676   281   281 I art     : option[19]=-Ximage-compiler-option
02-04 00:26:26.676   281   281 I art     : option[20]=-Xms64m
02-04 00:26:26.676   281   281 I art     : option[21]=-Ximage-compiler-option
02-04 00:26:26.676   281   281 I art     : option[22]=--runtime-arg
02-04 00:26:26.676   281   281 I art     : option[23]=-Ximage-compiler-option
02-04 00:26:26.676   281   281 I art     : option[24]=-Xmx64m
02-04 00:26:26.676   281   281 I art     : option[25]=-Ximage-compiler-option
02-04 00:26:26.676   281   281 I art     : option[26]=--compiler-filter=verify-at-runtime
02-04 00:26:26.676   281   281 I art     : option[27]=-Ximage-compiler-option
02-04 00:26:26.676   281   281 I art     : option[28]=--image-classes=/system/etc/preloaded-classes
02-04 00:26:26.676   281   281 I art     : option[29]=-Ximage-compiler-option
02-04 00:26:26.676   281   281 I art     : option[30]=--compiled-classes=/system/etc/compiled-classes
02-04 00:26:26.676   281   281 I art     : option[31]=-Xcompiler-option
02-04 00:26:26.676   281   281 I art     : option[32]=--runtime-arg
02-04 00:26:26.676   281   281 I art     : option[33]=-Xcompiler-option
02-04 00:26:26.676   281   281 I art     : option[34]=-Xms64m
02-04 00:26:26.676   281   281 I art     : option[35]=-Xcompiler-option
02-04 00:26:26.676   281   281 I art     : option[36]=--runtime-arg
02-04 00:26:26.676   281   281 I art     : option[37]=-Xcompiler-option
02-04 00:26:26.676   281   281 I art     : option[38]=-Xmx512m
02-04 00:26:26.676   281   281 I art     : option[39]=-Ximage-compiler-option
02-04 00:26:26.676   281   281 I art     : option[40]=--instruction-set-variant=cortex-a7
02-04 00:26:26.676   281   281 I art     : option[41]=-Xcompiler-option
02-04 00:26:26.676   281   281 I art     : option[42]=--instruction-set-variant=cortex-a7
02-04 00:26:26.676   281   281 I art     : option[43]=-Ximage-compiler-option
02-04 00:26:26.676   281   281 I art     : option[44]=--instruction-set-features=default
02-04 00:26:26.676   281   281 I art     : option[45]=-Xcompiler-option
02-04 00:26:26.676   281   281 I art     : option[46]=--instruction-set-features=default
02-04 00:26:26.676   281   281 I art     : option[47]=-Duser.locale=ru-RU
02-04 00:26:26.676   281   281 I art     : option[48]=--cpu-abilist=armeabi-v7a,armeabi
02-04 00:26:26.676   281   281 I art     : option[49]=-Xfingerprint:Lenovo/lineage_x2eu/x2eu:7.1.1/NMF26V/602aaa7258:eng/test-keys
02-04 00:26:26.683   241   241 I AUTOKD  : 0.1 Autok runs at host 3
02-04 00:26:26.684   241   241 I AUTOKD  : ro.crypto.state=unencrypted, vold.decrypt=, vold.encryption.type= nvram_init_val=Ready
02-04 00:26:26.684   241   241 I AUTOKD  : Get NVRAM ready retry 0
02-04 00:26:26.684   241   241 I AUTOKD  : ro.crypto.state=unencrypted, vold.decrypt=, vold.encryption.type= nvram_init_val=Ready
02-04 00:26:26.684   241   241 D NVRAM   : NVM_GetFileDesc ++
02-04 00:26:26.684   241   241 D NVRAM   : nvram_layout_callback will run!!!
02-04 00:26:26.684   241   241 D NVRAM   : nvram_platform_log_block: 8
02-04 00:26:26.684   241   241 D NVRAM   : nvram_platform_resv_block: 8
02-04 00:26:26.684   241   241 D NVRAM   : nvram_platform_DM_block: 2
02-04 00:26:26.684   241   241 D NVRAM   : nvram_platform_layout_version: 0
02-04 00:26:26.684   241   241 D NVRAM   : nvram_platform_header_offset: 0
02-04 00:26:26.684   241   241 D NVRAM   : g_i4CFG_File_Count: 49
02-04 00:26:26.684   241   241 D NVRAM   : NVM_Init Max Lid: 71
02-04 00:26:26.684   241   241 D NVRAM   : [NVRAM]: info nvram_gpt_flag =1
02-04 00:26:26.684   241   241 D NVRAM   : NVM_GetCfgFileTable : file_lid = 21
02-04 00:26:26.684   241   241 D NVRAM   : NVM_GetCfgFileTable done
02-04 00:26:26.684   241   241 D NVRAM   : Open /data/nvram/APCFG/APRDCL/SDIO,LID:21
02-04 00:26:26.684   241   241 D NVRAM   : NVM_CmpFileVerNo 21  
02-04 00:26:26.684   241   241 D NVRAM   : NVM_GetCfgFileTable : file_lid = 21
02-04 00:26:26.684   241   241 D NVRAM   : Check if FILE_VER exists before openning it!
02-04 00:26:26.684   241   241 D NVRAM   : NVM_CheckVerFile: 1
02-04 00:26:26.684   241   241 D NVRAM   : New version info file
02-04 00:26:26.684   241   241 D NVRAM   : Load File Version: 001, NvRam File Version: 001
02-04 00:26:26.684   241   241 D NVRAM   : no need to enc/dnc
02-04 00:26:26.684   241   241 D NVRAM   : NVM_CheckFileSize : 21 ++
02-04 00:26:26.684   241   241 D NVRAM   : iCustomBeginLID = 49
02-04 00:26:26.684   241   241 D NVRAM   : NVM_CheckVerFile: 1
02-04 00:26:26.684   241   241 D NVRAM   : NVM_GetCfgFileTable : file_lid = 21
02-04 00:26:26.684   241   241 D NVRAM   : NVM_CheckFileSize:stat_size:4098,size in table:4096
02-04 00:26:26.684   241   241 D NVRAM   : NVM_ProtectUserData
02-04 00:26:26.684   241   241 D NVRAM   : NVM_ProtectUserData:Check File
02-04 00:26:26.687   241   241 D NVRAM   : NVM_CheckFile: File is correct!
02-04 00:26:26.687   241   241 D NVRAM   : NVM_ProtectUserData:Check Success
02-04 00:26:26.687   241   241 D NVRAM   : NVM_GetFileDesc ProtectDataFile Check Success!!
02-04 00:26:26.687   241   241 D NVRAM   : NVM_GetFileDesc --
02-04 00:26:26.693   241   241 D NVRAM   : NVM_CheckFileSize : 21 ++
02-04 00:26:26.693   241   241 D NVRAM   : iCustomBeginLID = 49
02-04 00:26:26.693   241   241 D NVRAM   : NVM_CheckVerFile: 1
02-04 00:26:26.693   241   241 D NVRAM   : NVM_GetCfgFileTable : file_lid = 21
02-04 00:26:26.693   241   241 D NVRAM   : NVM_CheckFileSize:stat_size:4098,size in table:4096
02-04 00:26:26.693   241   241 D NVRAM   : NVM_ProtectUserData
02-04 00:26:26.693   241   241 D NVRAM   : NVM_ProtectUserData:Set Check Num
02-04 00:26:26.695   241   241 D NVRAM   : NVM_SetCheckNo: CheckNo:1
02-04 00:26:26.695   241   241 D NVRAM   : NVM_SetCheckNo: CheckFlag:0
02-04 00:26:26.700   281   281 I zygote  : type=1400 audit(0.0:346): avc: denied { lock } for path="/data/dalvik-cache/arm/system@framework@boot.art" dev="mmcblk0p16" ino=432486 scontext=u:r:kernel:s0 tcontext=u:object_r:system_data_file:s0 tclass=file permissive=1
02-04 00:26:26.700   281   281 W art     : Incomplete boot detected. Pruning dalvik cache
02-04 00:26:26.750   414   414 I zygote  : type=1400 audit(0.0:347): avc: denied { execute } for name="dex2oat" dev="mmcblk0p14" ino=192 scontext=u:r:kernel:s0 tcontext=u:object_r:dex2oat_exec:s0 tclass=file permissive=1
02-04 00:26:26.750   414   414 I zygote  : type=1400 audit(0.0:348): avc: denied { read open } for path="/system/bin/dex2oat" dev="mmcblk0p14" ino=192 scontext=u:r:kernel:s0 tcontext=u:object_r:dex2oat_exec:s0 tclass=file permissive=1
02-04 00:26:26.750   414   414 I zygote  : type=1400 audit(0.0:349): avc: denied { execute_no_trans } for path="/system/bin/dex2oat" dev="mmcblk0p14" ino=192 scontext=u:r:kernel:s0 tcontext=u:object_r:dex2oat_exec:s0 tclass=file permissive=1
02-04 00:26:26.754   241   241 D NVRAM   : NVM_SetCheckNo: CheckNo generate successfully!
02-04 00:26:26.754   241   241 D NVRAM   : NVM_ProtectUserData:Set Check Num Success
02-04 00:26:26.754   241   241 D NVRAM   : NVM_CloseFileDesc ProtectDataFile Success!!
02-04 00:26:26.754   241   241 D NVRAM   : no need to enc/dnc
02-04 00:26:26.754   241   241 I AUTOKD  : file_count[0]
02-04 00:26:26.754   241   241 I AUTOKD  : file_count[0]
02-04 00:26:26.755   241   241 I AUTOKD  : whole voltext: [autok_3_1000000] voltage:1000000
02-04 00:26:26.755   241   241 I AUTOKD  : whole voltext: [autok_3_1125000] voltage:1125000
02-04 00:26:26.755   241   241 D AUTOKD  : Current vcore_number:2
02-04 00:26:26.755   241   241 I AUTOKD  : file_count[0]
02-04 00:26:26.755   241   241 I AUTOKD  : file_count[0]
02-04 00:26:26.755   241   241 I AUTOKD  : 1-0 Pre-check autok environment
02-04 00:26:26.755   241   241 I AUTOKD  : Get Param from [/data/autok_3_1000000]
02-04 00:26:26.755   241   241 I AUTOKD  : Get File Size[70]
02-04 00:26:26.755   281   281 W art     : Invalid image header in '/data/dalvik-cache/arm/system@framework@boot.art'
02-04 00:26:26.755   281   281 I art     : Pruning dalvik-cache since we are generating an image and will need to recompile
02-04 00:26:26.755   281   281 I art     : Using an offset of 0xba6000 from default art base address of 0x70000000
02-04 00:26:26.755   281   281 I art     : GenerateImage: /system/bin/dex2oat --image=/data/dalvik-cache/arm/system@framework@boot.art --dex-file=/system/framework/telephony-ext.jar --dex-file=/system/framework/core-oj.jar --dex-file=/system/framework/core-libart.jar --dex-file=/system/framework/conscrypt.jar --dex-file=/system/framework/okhttp.jar --dex-file=/system/framework/core-junit.jar --dex-file=/system/framework/bouncycastle.jar --dex-file=/system/framework/ext.jar --dex-file=/system/framework/framework.jar --dex-file=/system/framework/telephony-common.jar --dex-file=/system/framework/voip-common.jar --dex-file=/system/framework/ims-common.jar --dex-file=/system/framework/apache-xml.jar --dex-file=/system/framework/org.apache.http.legacy.boot.jar --oat-file=/data/dalvik-cache/arm/system@framework@boot.oat --instruction-set=arm --instruction-set-features=smp,div,atomic_ldrd_strd --base=0x70ba6000 --runtime-arg -Xms64m --runtime-arg -Xmx64m --compiler-filter=verify-at-runtime --image-classes=/system/etc/preloaded-classes --compiled-classes=/sys
02-04 00:26:26.755   241   241 D AUTOKD  : 1-1 Check /data/autok_[id]_[vol] existence
02-04 00:26:26.755   241   241 I AUTOKD  : 1-2 Do autok-I for vol[1000000] done
02-04 00:26:26.755   241   241 I AUTOKD  : 1-0 Pre-check autok environment
02-04 00:26:26.755   241   241 I AUTOKD  : Get Param from [/data/autok_3_1125000]
02-04 00:26:26.755   241   241 I AUTOKD  : Get File Size[70]
02-04 00:26:26.756   241   241 D AUTOKD  : 1-1 Check /data/autok_[id]_[vol] existence
02-04 00:26:26.756   241   241 I AUTOKD  : 1-2 Do autok-I for vol[1125000] done
02-04 00:26:26.756   241   241 I AUTOKD  : 1-3 Remove abort voltage
02-04 00:26:26.756   241   241 I AUTOKD  : 2-1 Collect Stage1 Data
02-04 00:26:26.756   241   241 I AUTOKD  : 2-2 Switch voltage index with assending order
02-04 00:26:26.756   241   241 D AUTOKD  : Insert voltage[1000000] to vol_index_set
02-04 00:26:26.756   241   241 D AUTOKD  : Insert voltage[1125000] to vol_index_set
02-04 00:26:26.756   241   241 I AUTOKD  : 2-3 Merge stage1 data into stage2
02-04 00:26:26.756   241   241 I AUTOKD  : Get Param from [/data/autok_3_1000000]
02-04 00:26:26.756   241   241 I AUTOKD  : Get File Size[70]
02-04 00:26:26.756   241   241 I AUTOKD  : Add voltage:1000000 to index:0
02-04 00:26:26.756   241   241 I AUTOKD  : Get Param from [/data/autok_3_1125000]
02-04 00:26:26.756   241   241 I AUTOKD  : Get File Size[70]
02-04 00:26:26.756   241   241 I AUTOKD  : Add voltage:1125000 to index:1
02-04 00:26:26.756   241   241 I AUTOKD  : 2-4 Store full data into autok stage2 node
02-04 00:26:26.756   241   241 D AUTOKD  : stage2 length[138]
02-04 00:26:26.757   241   241 I AUTOKD  : 3-1 Restore autok execution log
02-04 00:26:26.757   241   241 I AUTOKD  : 3-2 Check if calibration is fail or not
02-04 00:26:26.757   241   241 I AUTOKD  : 3-3 Terminate autok procedure
02-04 00:26:26.757   241   241 D AUTOKD  : 0.2 Start to wait for autok done
02-04 00:26:26.760   243   243 I wmt_loader: do SDIO3.0 autok succeed
02-04 00:26:26.770   243   243 I wmt_loader: type=1400 audit(0.0:350): avc: denied { setattr } for name="wmt_dbg" dev="proc" ino=4026534338 scontext=u:r:kernel:s0 tcontext=u:object_r:proc_wmt:s0 tclass=file permissive=1
02-04 00:26:26.771   243   243 I wmt_loader: external combo chip power off succeed
02-04 00:26:26.772   284   284 D [BT3.0+HS]PAL: == chip_reset_fd is set ==
02-04 00:26:26.772   284   284 D [BT3.0+HS]PAL: 
02-04 00:26:26.773   284   284 D [BT3.0+HS]PAL: Recv Netlink Packet [64:00000010:00:0:0] [1:STP_DBG]
02-04 00:26:26.773   284   284 D [BT3.0+HS]PAL: 
02-04 00:26:26.773   284   284 D [BT3.0+HS]PAL: Unknown command from wifi driver
02-04 00:26:26.773   284   284 D [BT3.0+HS]PAL: 
02-04 00:26:26.776   243   243 I wmt_loader: do kernel module init succeed: 0
02-04 00:26:26.777   243   243 I wmt_loader: chown wmt_tm fail:No such file or directory
02-04 00:26:26.810   241   241 I autokd  : type=1400 audit(0.0:351): avc: denied { create } for scontext=u:r:kernel:s0 tcontext=u:r:kernel:s0 tclass=tcp_socket permissive=1
02-04 00:26:26.817   241   241 E AUTOKD  : Could not create socket
02-04 00:26:26.817   241   241 I AUTOKD  : [Performance] Autok computation took about 0.13382 seconds
02-04 00:26:26.820   414   414 I dex2oat : type=1400 audit(0.0:352): avc: denied { getattr } for path="/system/bin/dex2oat" dev="mmcblk0p14" ino=192 scontext=u:r:kernel:s0 tcontext=u:object_r:dex2oat_exec:s0 tclass=file permissive=1
02-04 00:26:26.833   244   244 E 6620_launcher: open device node succeed.(Node:/dev/stpwmt, fd:4) 
02-04 00:26:26.833   244   244 I 6620_launcher: key:(persist.mtk.wcn.combo.chipid)-value:(0x6630),chipId:0x6630
02-04 00:26:26.833   244   244 I 6620_launcher: index:2, chipId:0x6630
02-04 00:26:26.833   244   244 I 6620_launcher: chiId:0x6630
02-04 00:26:26.833   244   244 I 6620_launcher: run combo chip flow
02-04 00:26:26.833   244   244 I 6620_launcher: index:2, chipId:0x6630
02-04 00:26:26.833   244   244 I 6620_launcher: set chipId(0x6630) to HIF-SDIO module
02-04 00:26:26.834   244   244 I 6620_launcher: Info:key:mt6620.defAnt value:mt6620_ant_m3.cfg
02-04 00:26:26.834   244   244 I 6620_launcher: Info:key:mt6628.defAnt value:mt6628_ant_m1.cfg
02-04 00:26:26.835   244   244 I 6620_launcher: Info:key:mt6630.defAnt value:mt6630_ant_m1.cfg
02-04 00:26:26.835   244   244 I 6620_launcher: NULL is returned, eighter EOF or error maybe found
02-04 00:26:26.835   244   244 I 6620_launcher: close /system/etc/firmware/WMT.cfg succeed
02-04 00:26:26.835   244   244 I 6620_launcher: index:2, chipId:0x6630
02-04 00:26:26.835   244   244 I 6620_launcher: chipId(0x6630), default Mode(4), strlen(gWmtCfgName)(39), wmtCfgFile(/system/etc/firmware//mt6630_ant_m1.cfg)
02-04 00:26:26.835   244   244 I 6620_launcher: HifConfig:0x0004, wmtCfgFile:/system/etc/firmware//mt6630_ant_m1.cfg
02-04 00:26:26.835   244   244 I 6620_launcher: key:(ro.build.type)-value:(eng)
02-04 00:26:26.835   244   244 I 6620_launcher: coredump control file: /data/coredump not found, errno:2.
02-04 00:26:26.835   244   244 I 6620_launcher: MCU patch folder path: /system/etc/firmware/
02-04 00:26:26.835   244   244 I 6620_launcher: Common Interface: SDIO mode
02-04 00:26:26.835   244   244 I 6620_launcher: MCU patch folder path: /system/etc/firmware/
02-04 00:26:26.835   244   244 I 6620_launcher: Common Interface: SDIO mode
02-04 00:26:26.835   244   244 I 6620_launcher: use default uart ttyMT2
02-04 00:26:26.836   239   239 E SELinux : avc:  denied  { find } for service=SurfaceFlinger pid=394 uid=1003 scontext=u:r:kernel:s0 tcontext=u:object_r:surfaceflinger_service:s0 tclass=service_manager permissive=1
02-04 00:26:26.836   244   244 I 6620_launcher: set property(service.wcn.driver.ready) to yes succeed.
02-04 00:26:26.837   244   244 I 6620_launcher: create pwr on thread ok
02-04 00:26:26.837   244   427 I 6620_launcher: enter power on connsys flow
02-04 00:26:26.840   394   428 D libEGL  : loaded /vendor/lib/egl/libEGL_mtk.so
02-04 00:26:26.847   240   240 W hwcomposer: [HWC] PRE/bypass/dpy=0/boot=0.1
02-04 00:26:26.866   240   240 D IMGSRV  : gralloc_device_alloc:1102: hnd=0xb68a60e0 ID=89 fd=22 ref=1 1080(1088)x1920-0x1 usage=0x1a00 size=8355840(8355840) cache=0
02-04 00:26:26.867   240   240 W hwcomposer: [JOB] SET/bypass/dpy=0/nulljob
02-04 00:26:26.915   414   414 I dex2oat : /system/bin/dex2oat --image=/data/dalvik-cache/arm/system@framework@boot.art --dex-file=/system/framework/telephony-ext.jar --dex-file=/system/framework/core-oj.jar --dex-file=/system/framework/core-libart.jar --dex-file=/system/framework/conscrypt.jar --dex-file=/system/framework/okhttp.jar --dex-file=/system/framework/core-junit.jar --dex-file=/system/framework/bouncycastle.jar --dex-file=/system/framework/ext.jar --dex-file=/system/framework/framework.jar --dex-file=/system/framework/telephony-common.jar --dex-file=/system/framework/voip-common.jar --dex-file=/system/framework/ims-common.jar --dex-file=/system/framework/apache-xml.jar --dex-file=/system/framework/org.apache.http.legacy.boot.jar --oat-file=/data/dalvik-cache/arm/system@framework@boot.oat --instruction-set=arm --instruction-set-features=smp,div,atomic_ldrd_strd --base=0x70ba6000 --runtime-arg -Xms64m --runtime-arg -Xmx64m --compiler-filter=verify-at-runtime --image-classes=/system/etc/preloaded-classes --compiled-classes=/system/etc/compile
02-04 00:26:26.917   394   428 D libEGL  : loaded /vendor/lib/egl/libGLESv1_CM_mtk.so
02-04 00:26:26.917   394   428 E IMGSRV  : :0: OGLES3LIBNAME is /system/vendor/lib/egl/libGLESv2_mtk.so
02-04 00:26:26.956   414   414 I dex2oat : setting boot class path to /system/framework/telephony-ext.jar:/system/framework/core-oj.jar:/system/framework/core-libart.jar:/system/framework/conscrypt.jar:/system/framework/okhttp.jar:/system/framework/core-junit.jar:/system/framework/bouncycastle.jar:/system/framework/ext.jar:/system/framework/framework.jar:/system/framework/telephony-common.jar:/system/framework/voip-common.jar:/system/framework/ims-common.jar:/system/framework/apache-xml.jar:/system/framework/org.apache.http.legacy.boot.jar
02-04 00:26:26.967   394   428 D libEGL  : loaded /vendor/lib/egl/libGLESv2_mtk.so
02-04 00:26:27.018   394   428 D IMGSRV  : gralloc_module_getimplementationformat:2526: usage=0x1000 > fmt=0x1
02-04 00:26:27.018   394   428 D IMGSRV  : gralloc_module_getimplementationformat:2526: usage=0x1000 > fmt=0x1
02-04 00:26:27.018   394   428 D IMGSRV  : gralloc_module_getimplementationformat:2526: usage=0x1000 > fmt=0x1
02-04 00:26:27.018   394   428 D IMGSRV  : gralloc_module_getimplementationformat:2526: usage=0x1000 > fmt=0x1
02-04 00:26:27.018   394   428 D IMGSRV  : gralloc_module_getimplementationformat:2526: usage=0x1000 > fmt=0x1
02-04 00:26:27.018   394   428 E GED     : Failed to get GED Log Buf, err(0)
02-04 00:26:27.022   394   428 E cutils-trace: Error opening trace file: Permission denied (13)
02-04 00:26:27.035   240   297 D IMGSRV  : gralloc_device_alloc:1102: hnd=0xb6512300 ID=133 fd=26 ref=1 1080(1088)x1920-0x1 usage=0xb00 size=8355840(8355840) cache=0
02-04 00:26:27.036   394   428 D IMGSRV  : gralloc_register_buffer:1390: hnd=0xb3f9c240 ID=133 fd=17 ref=1
02-04 00:26:27.036   394   428 E BootAnimation: Get Carrier Animation file,since it's not support carrier
02-04 00:26:27.036   394   428 E BootAnimation: Get Carrier Animation file,since it's not support carrier
02-04 00:26:27.075   240   299 D IMGSRV  : gralloc_device_alloc:1102: hnd=0xb68a5f00 ID=148 fd=30 ref=1 1080(1088)x1920-0x1 usage=0xb00 size=8355840(8355840) cache=0
02-04 00:26:27.076   394   428 D IMGSRV  : gralloc_register_buffer:1390: hnd=0xb3f9c4e0 ID=148 fd=22 ref=1
02-04 00:26:27.558   244   244 I 6620_launcher: patch name pre-fix:mt6630_patch
02-04 00:26:27.558   244   244 I 6620_launcher: fwVersion:0x8a11
02-04 00:26:27.558   244   244 I 6620_launcher: /system/etc/firmware//mt6630_patch_e1_hdr.bin
02-04 00:26:27.559   244   244 I 6620_launcher: fw Ver in patch: 0x8a00
02-04 00:26:27.559   244   244 I 6620_launcher: /system/etc/firmware//mt6630_patch_e2_hdr.bin
02-04 00:26:27.560   244   244 I 6620_launcher: fw Ver in patch: 0x8a10
02-04 00:26:27.560   244   244 I 6620_launcher: /system/etc/firmware//mt6630_patch_e3_0_hdr.bin
02-04 00:26:27.560   244   244 I 6620_launcher: fw Ver in patch: 0x8a11
02-04 00:26:27.560   244   244 I 6620_launcher: read patch info:0x21,0x00,0x08,0x00
02-04 00:26:27.560   244   244 I 6620_launcher: gpatchnum = [2]
02-04 00:26:27.560   244   244 I 6620_launcher: gdwonseq = [1]
02-04 00:26:27.560   244   244 I 6620_launcher: /system/etc/firmware//mt6630_patch_e3_1_hdr.bin
02-04 00:26:27.561   244   244 I 6620_launcher: fw Ver in patch: 0x8a11
02-04 00:26:27.561   244   244 I 6620_launcher: read patch info:0x22,0x00,0x08,0x00
02-04 00:26:27.561   244   244 I 6620_launcher: gdwonseq = [2]
02-04 00:26:27.561   244   244 I 6620_launcher: cmd(srh_patch) resp(ok)
02-04 00:26:27.830   270   328 D agps    : [agps] WARNING: [CP] cp2_fd_1_req_sim_num_timeout
02-04 00:26:27.830   270   305 D agps    : [agps][n][CP] [MD_1] write  sim_info_req
02-04 00:26:27.830   270   305 E agps    : [agps] ERR: [Utility] safe_write reason=[No such device]19
02-04 00:26:28.049   245   245 D ccci_fsd(1): Read 44 bytes from FS device
02-04 00:26:28.050   245   245 D ccci_fsd(1): Read 44 bytes from slot 0, CCCI_H(0x0)(0x2C)(0x8000000E)(0x0)
02-04 00:26:28.050   245   245 D ccci_fsd(1): I: /data/nvram/md: 8, 6906463, 0
02-04 00:26:28.050   245   245 D ccci_fsd(1): Write 120 bytes to slot 0, CCCI_H(0x0)(0x78)(0x8000000F)(0x0)
02-04 00:26:28.050   245   245 D ccci_fsd(1): Read 68 bytes from FS device
02-04 00:26:28.050   245   245 D ccci_fsd(1): Read 68 bytes from slot 0, CCCI_H(0x0)(0x44)(0x8001000E)(0x0)
02-04 00:26:28.051   245   245 E ccci_fsd(1): IsReadOnly: [error]fail on file: /data/nvram/md/FAT4A33D69B.log 
02-04 00:26:28.051   245   245 D ccci_fsd(1): Error_code=2
02-04 00:26:28.051   245   245 D ccci_fsd(1): A: [474F4C0E22191624]: -9 
02-04 00:26:28.051   245   245 D ccci_fsd(1): Write 32 bytes to slot 0, CCCI_H(0x0)(0x20)(0x8001000F)(0x0)
02-04 00:26:28.051   245   245 D ccci_fsd(1): Read 56 bytes from FS device
02-04 00:26:28.051   245   245 D ccci_fsd(1): Read 56 bytes from slot 0, CCCI_H(0x0)(0x38)(0x8002000E)(0x0)
02-04 00:26:28.051   245   245 D ccci_fsd(1): O: [2D2132362E0F1A3A](0x00000900): (7 1) 
02-04 00:26:28.051   245   245 D ccci_fsd(1): Write 32 bytes to slot 0, CCCI_H(0x0)(0x20)(0x8002000F)(0x0)
02-04 00:26:28.051   245   245 D ccci_fsd(1): Read 32 bytes from FS device
02-04 00:26:28.051   245   245 D ccci_fsd(1): Read 32 bytes from slot 0, CCCI_H(0x0)(0x20)(0x8003000E)(0x0)
02-04 00:26:28.052   245   245 D ccci_fsd(1): C: 1: 0
02-04 00:26:28.052   245   245 D ccci_fsd(1): Write 32 bytes to slot 0, CCCI_H(0x0)(0x20)(0x8003000F)(0x0)
02-04 00:26:28.052   245   245 D ccci_fsd(1): Read 64 bytes from FS device
02-04 00:26:28.052   245   245 D ccci_fsd(1): Read 64 bytes from slot 0, CCCI_H(0x0)(0x40)(0x8004000E)(0x0)
02-04 00:26:28.055   245   245 D ccci_fsd(1): A: [213421243F24362E]: 16 
02-04 00:26:28.055   245   245 D ccci_fsd(1): Write 32 bytes to slot 0, CCCI_H(0x0)(0x20)(0x8004000F)(0x0)
02-04 00:26:28.056   245   245 D ccci_fsd(1): Read 64 bytes from FS device
02-04 00:26:28.056   245   245 D ccci_fsd(1): Read 64 bytes from slot 0, CCCI_H(0x0)(0x40)(0x8005000E)(0x0)
02-04 00:26:28.056   245   245 D ccci_fsd(1): A: [25322F233F24362E]: 16 
02-04 00:26:28.056   245   245 D ccci_fsd(1): Write 32 bytes to slot 0, CCCI_H(0x0)(0x20)(0x8005000F)(0x0)
02-04 00:26:28.056   245   245 D ccci_fsd(1): Read 64 bytes from FS device
02-04 00:26:28.056   245   245 D ccci_fsd(1): Read 64 bytes from slot 0, CCCI_H(0x0)(0x40)(0x8006000E)(0x0)
02-04 00:26:28.057   245   245 D ccci_fsd(1): A: [34213222292C2123]: 16 
02-04 00:26:28.057   245   245 D ccci_fsd(1): Write 32 bytes to slot 0, CCCI_H(0x0)(0x20)(0x8006000F)(0x0)
02-04 00:26:28.057   245   245 D ccci_fsd(1): Read 64 bytes from FS device
02-04 00:26:28.057   245   245 D ccci_fsd(1): Read 64 bytes from slot 0, CCCI_H(0x0)(0x40)(0x8007000E)(0x0)
02-04 00:26:28.057   245   245 D ccci_fsd(1): A: [29252D293F24362E]: 16 
02-04 00:26:28.057   245   245 D ccci_fsd(1): Write 32 bytes to slot 0, CCCI_H(0x0)(0x20)(0x8007000F)(0x0)
02-04 00:26:28.057   245   245 D ccci_fsd(1): Read 36 bytes from FS device
02-04 00:26:28.057   245   245 D ccci_fsd(1): Read 36 bytes from slot 0, CCCI_H(0x0)(0x24)(0x8008000E)(0x0)
02-04 00:26:28.057   245   245 D ccci_fsd(1): A: len < 8(3)
02-04 00:26:28.057   245   245 D ccci_fsd(1): Write 32 bytes to slot 0, CCCI_H(0x0)(0x20)(0x8008000F)(0x0)
02-04 00:26:28.057   245   245 D ccci_fsd(1): Read 36 bytes from FS device
02-04 00:26:28.057   245   245 D ccci_fsd(1): Read 36 bytes from slot 0, CCCI_H(0x0)(0x24)(0x8009000E)(0x0)
02-04 00:26:28.058   245   245 D ccci_fsd(1): A: len < 8(3)
02-04 00:26:28.058   245   245 D ccci_fsd(1): Write 32 bytes to slot 0, CCCI_H(0x0)(0x20)(0x8009000F)(0x0)
02-04 00:26:28.058   245   245 D ccci_fsd(1): Read 64 bytes from FS device
02-04 00:26:28.058   245   245 D ccci_fsd(1): Read 64 bytes from slot 0, CCCI_H(0x0)(0x40)(0x800A000E)(0x0)
02-04 00:26:28.058   245   245 D ccci_fsd(1): A: [342E34322F302D29]: 16 
02-04 00:26:28.058   245   245 D ccci_fsd(1): Write 32 bytes to slot 0, CCCI_H(0x0)(0x20)(0x800A000F)(0x0)
02-04 00:26:28.058   245   245 D ccci_fsd(1): Read 128 bytes from FS device
02-04 00:26:28.058   245   245 D ccci_fsd(1): Read 128 bytes from slot 0, CCCI_H(0x0)(0x80)(0x800B000E)(0x0)
02-04 00:26:28.059   245   245 D ccci_fsd(1): CMPT File name:Z:/NVRAM/NVD_CORE/MT00A000 opid_map:0x0000001f Flag:0x00000700 Offset:0 Whence:1 Length:36
02-04 00:26:28.059   245   245 D ccci_fsd(1): O: [101010211010342D](0x00000700): (7 1) 
02-04 00:26:28.059   245   245 D ccci_fsd(1): F: 1: 108 0 
02-04 00:26:28.059   245   245 D ccci_fsd(1): S: 1 0 1: 0 
02-04 00:26:28.064   245   245 D ccci_fsd(1): R: 1 36: 36 0 
02-04 00:26:28.064   245   245 D ccci_fsd(1): C: 1: 0
02-04 00:26:28.065   245   245 D ccci_fsd(1): Write 92 bytes to slot 0, CCCI_H(0x0)(0x5C)(0x800B000F)(0x0)
02-04 00:26:28.074   245   245 D ccci_fsd(1): Read 128 bytes from FS device
02-04 00:26:28.074   245   245 D ccci_fsd(1): Read 128 bytes from slot 0, CCCI_H(0x0)(0x80)(0x800C000E)(0x0)
02-04 00:26:28.074   245   245 D ccci_fsd(1): CMPT File name:Z:/NVRAM/NVD_CORE/MT00B000 opid_map:0x0000001f Flag:0x00000700 Offset:0 Whence:1 Length:36
02-04 00:26:28.074   245   245 D ccci_fsd(1): O: [101010221010342D](0x00000700): (7 1) 
02-04 00:26:28.074   245   245 D ccci_fsd(1): F: 1: 108 0 
02-04 00:26:28.075   245   245 D ccci_fsd(1): S: 1 0 1: 0 
02-04 00:26:28.075   245   245 D ccci_fsd(1): R: 1 36: 36 0 
02-04 00:26:28.075   245   245 D ccci_fsd(1): C: 1: 0
02-04 00:26:28.075   245   245 D ccci_fsd(1): Write 92 bytes to slot 0, CCCI_H(0x0)(0x5C)(0x800C000F)(0x0)
02-04 00:26:28.075   245   245 D ccci_fsd(1): Read 128 bytes from FS device
02-04 00:26:28.075   245   245 D ccci_fsd(1): Read 128 bytes from slot 0, CCCI_H(0x0)(0x80)(0x800D000E)(0x0)
02-04 00:26:28.075   245   245 D ccci_fsd(1): CMPT File name:Z:/NVRAM/NVD_CORE/MT00A000 opid_map:0x0000001f Flag:0x00000700 Offset:36 Whence:1 Length:36
02-04 00:26:28.075   245   245 D ccci_fsd(1): O: [101010211010342D](0x00000700): (7 1) 
02-04 00:26:28.075   245   245 D ccci_fsd(1): F: 1: 108 0 
02-04 00:26:28.075   245   245 D ccci_fsd(1): S: 1 36 1: 36 
02-04 00:26:28.076   245   245 D ccci_fsd(1): R: 1 36: 36 0 
02-04 00:26:28.076   245   245 D ccci_fsd(1): C: 1: 0
02-04 00:26:28.076   245   245 D ccci_fsd(1): Write 92 bytes to slot 0, CCCI_H(0x0)(0x5C)(0x800D000F)(0x0)
02-04 00:26:28.076   245   245 D ccci_fsd(1): Read 128 bytes from FS device
02-04 00:26:28.076   245   245 D ccci_fsd(1): Read 128 bytes from slot 0, CCCI_H(0x0)(0x80)(0x800E000E)(0x0)
02-04 00:26:28.076   245   245 D ccci_fsd(1): CMPT File name:Z:/NVRAM/NVD_CORE/MT00B000 opid_map:0x0000001f Flag:0x00000700 Offset:36 Whence:1 Length:36
02-04 00:26:28.076   245   245 D ccci_fsd(1): O: [101010221010342D](0x00000700): (7 1) 
02-04 00:26:28.076   245   245 D ccci_fsd(1): F: 1: 108 0 
02-04 00:26:28.076   245   245 D ccci_fsd(1): S: 1 36 1: 36 
02-04 00:26:28.076   245   245 D ccci_fsd(1): R: 1 36: 36 0 
02-04 00:26:28.076   245   245 D ccci_fsd(1): C: 1: 0
02-04 00:26:28.076   245   245 D ccci_fsd(1): Write 92 bytes to slot 0, CCCI_H(0x0)(0x5C)(0x800E000F)(0x0)
02-04 00:26:28.076   245   245 D ccci_fsd(1): Read 128 bytes from FS device
02-04 00:26:28.076   245   245 D ccci_fsd(1): Read 128 bytes from slot 0, CCCI_H(0x0)(0x80)(0x800F000E)(0x0)
02-04 00:26:28.076   245   245 D ccci_fsd(1): CMPT File name:Z:/NVRAM/NVD_CORE/MT00A000 opid_map:0x0000001f Flag:0x00000700 Offset:72 Whence:1 Length:36
02-04 00:26:28.076   245   245 D ccci_fsd(1): O: [101010211010342D](0x00000700): (7 1) 
02-04 00:26:28.076   245   245 D ccci_fsd(1): F: 1: 108 0 
02-04 00:26:28.076   245   245 D ccci_fsd(1): S: 1 72 1: 72 
02-04 00:26:28.076   245   245 D ccci_fsd(1): R: 1 36: 36 0 
02-04 00:26:28.076   245   245 D ccci_fsd(1): C: 1: 0
02-04 00:26:28.076   245   245 D ccci_fsd(1): Write 92 bytes to slot 0, CCCI_H(0x0)(0x5C)(0x800F000F)(0x0)
02-04 00:26:28.076   245   245 D ccci_fsd(1): Read 128 bytes from FS device
02-04 00:26:28.076   245   245 D ccci_fsd(1): Read 128 bytes from slot 0, CCCI_H(0x0)(0x80)(0x8010000E)(0x0)
02-04 00:26:28.076   245   245 D ccci_fsd(1): CMPT File name:Z:/NVRAM/NVD_CORE/MT00B000 opid_map:0x0000001f Flag:0x00000700 Offset:72 Whence:1 Length:36
02-04 00:26:28.076   245   245 D ccci_fsd(1): O: [101010221010342D](0x00000700): (7 1) 
02-04 00:26:28.076   245   245 D ccci_fsd(1): F: 1: 108 0 
02-04 00:26:28.076   245   245 D ccci_fsd(1): S: 1 72 1: 72 
02-04 00:26:28.076   245   245 D ccci_fsd(1): R: 1 36: 36 0 
02-04 00:26:28.076   245   245 D ccci_fsd(1): C: 1: 0
02-04 00:26:28.076   245   245 D ccci_fsd(1): Write 92 bytes to slot 0, CCCI_H(0x0)(0x5C)(0x8010000F)(0x0)
02-04 00:26:28.077   245   245 D ccci_fsd(1): Read 128 bytes from FS device
02-04 00:26:28.077   245   245 D ccci_fsd(1): Read 128 bytes from slot 0, CCCI_H(0x0)(0x80)(0x8011000E)(0x0)
02-04 00:26:28.077   245   245 D ccci_fsd(1): CMPT File name:Z:/NVRAM/NVD_DATA/MT2S_000 opid_map:0x00000013 Flag:0x00000100 Offset:6794752 Whence:0 Length:0
02-04 00:26:28.077   245   245 D ccci_fsd(1): O: [1010103F3312342D](0x00000100): (7 1) 
02-04 00:26:28.077   245   245 D ccci_fsd(1): F: 1: 858 0 
02-04 00:26:28.077   245   245 D ccci_fsd(1): C: 1: 0
02-04 00:26:28.077   245   245 D ccci_fsd(1): Write 56 bytes to slot 0, CCCI_H(0x0)(0x38)(0x8011000F)(0x0)
02-04 00:26:28.077   245   245 D ccci_fsd(1): Read 128 bytes from FS device
02-04 00:26:28.077   245   245 D ccci_fsd(1): Read 128 bytes from slot 0, CCCI_H(0x0)(0x80)(0x8012000E)(0x0)
02-04 00:26:28.078   245   245 D ccci_fsd(1): CMPT File name:Z:/NVRAM/NVD_DATA/MT2T_000 opid_map:0x00000013 Flag:0x00000100 Offset:6794752 Whence:0 Length:0
02-04 00:26:28.078   245   245 D ccci_fsd(1): O: [1010103F3412342D](0x00000100): (7 1) 
02-04 00:26:28.078   245   245 D ccci_fsd(1): F: 1: 6 0 
02-04 00:26:28.078   245   245 D ccci_fsd(1): C: 1: 0
02-04 00:26:28.078   245   245 D ccci_fsd(1): Write 56 bytes to slot 0, CCCI_H(0x0)(0x38)(0x8012000F)(0x0)
02-04 00:26:28.078   245   245 D ccci_fsd(1): Read 128 bytes from FS device
02-04 00:26:28.078   245   245 D ccci_fsd(1): Read 128 bytes from slot 0, CCCI_H(0x0)(0x80)(0x8013000E)(0x0)
02-04 00:26:28.078   245   245 D ccci_fsd(1): CMPT File name:Z:/NVRAM/NVD_DATA/MT2U_000 opid_map:0x00000013 Flag:0x00000100 Offset:6794752 Whence:0 Length:0
02-04 00:26:28.078   245   245 D ccci_fsd(1): O: [1010103F3512342D](0x00000100): (7 1) 
02-04 00:26:28.078   245   245 D ccci_fsd(1): F: 1: 4 0 
02-04 00:26:28.078   245   245 D ccci_fsd(1): C: 1: 0
02-04 00:26:28.078   245   245 D ccci_fsd(1): Write 56 bytes to slot 0, CCCI_H(0x0)(0x38)(0x8013000F)(0x0)
02-04 00:26:28.078   245   245 D ccci_fsd(1): Read 128 bytes from FS device
02-04 00:26:28.079   245   245 D ccci_fsd(1): Read 128 bytes from slot 0, CCCI_H(0x0)(0x80)(0x8014000E)(0x0)
02-04 00:26:28.079   245   245 D ccci_fsd(1): CMPT File name:Z:/NVRAM/NVD_DATA/MT2V_000 opid_map:0x00000013 Flag:0x00000100 Offset:6794752 Whence:0 Length:0
02-04 00:26:28.079   245   245 D ccci_fsd(1): O: [1010103F3612342D](0x00000100): (7 1) 
02-04 00:26:28.079   245   245 D ccci_fsd(1): F: 1: 850 0 
02-04 00:26:28.079   245   245 D ccci_fsd(1): C: 1: 0
02-04 00:26:28.079   245   245 D ccci_fsd(1): Write 56 bytes to slot 0, CCCI_H(0x0)(0x38)(0x8014000F)(0x0)
02-04 00:26:28.079   245   245 D ccci_fsd(1): Read 128 bytes from FS device
02-04 00:26:28.079   245   245 D ccci_fsd(1): Read 128 bytes from slot 0, CCCI_H(0x0)(0x80)(0x8015000E)(0x0)
02-04 00:26:28.079   245   245 D ccci_fsd(1): CMPT File name:Z:/NVRAM/NVD_DATA/ULM1_000 opid_map:0x00000013 Flag:0x00000100 Offset:6794752 Whence:0 Length:0
02-04 00:26:28.079   245   245 D ccci_fsd(1): O: [1010103F112D2C35](0x00000100): (7 1) 
02-04 00:26:28.079   245   245 D ccci_fsd(1): F: 1: 2818 0 
02-04 00:26:28.079   245   245 D ccci_fsd(1): C: 1: 0
02-04 00:26:28.079   245   245 D ccci_fsd(1): Write 56 bytes to slot 0, CCCI_H(0x0)(0x38)(0x8015000F)(0x0)
02-04 00:26:28.079   245   245 D ccci_fsd(1): Read 128 bytes from FS device
02-04 00:26:28.079   245   245 D ccci_fsd(1): Read 128 bytes from slot 0, CCCI_H(0x0)(0x80)(0x8016000E)(0x0)
02-04 00:26:28.079   245   245 D ccci_fsd(1): CMPT File name:Z:/NVRAM/NVD_DATA/ULM2_000 opid_map:0x00000013 Flag:0x00000100 Offset:6794752 Whence:0 Length:0
02-04 00:26:28.079   245   245 D ccci_fsd(1): O: [1010103F122D2C35](0x00000100): (7 1) 
02-04 00:26:28.080   245   245 D ccci_fsd(1): F: 1: 2818 0 
02-04 00:26:28.080   245   245 D ccci_fsd(1): C: 1: 0
02-04 00:26:28.080   245   245 D ccci_fsd(1): Write 56 bytes to slot 0, CCCI_H(0x0)(0x38)(0x8016000F)(0x0)
02-04 00:26:28.080   245   245 D ccci_fsd(1): Read 128 bytes from FS device
02-04 00:26:28.080   245   245 D ccci_fsd(1): Read 128 bytes from slot 0, CCCI_H(0x0)(0x80)(0x8017000E)(0x0)
02-04 00:26:28.080   245   245 D ccci_fsd(1): CMPT File name:Z:/NVRAM/NVD_DATA/ULM3_000 opid_map:0x00000013 Flag:0x00000100 Offset:6794752 Whence:0 Length:0
02-04 00:26:28.080   245   245 D ccci_fsd(1): O: [1010103F132D2C35](0x00000100): (7 1) 
02-04 00:26:28.080   245   245 D ccci_fsd(1): F: 1: 2818 0 
02-04 00:26:28.080   245   245 D ccci_fsd(1): C: 1: 0
02-04 00:26:28.080   245   245 D ccci_fsd(1): Write 56 bytes to slot 0, CCCI_H(0x0)(0x38)(0x8017000F)(0x0)
02-04 00:26:28.080   245   245 D ccci_fsd(1): Read 128 bytes from FS device
02-04 00:26:28.081   245   245 D ccci_fsd(1): Read 128 bytes from slot 0, CCCI_H(0x0)(0x80)(0x8018000E)(0x0)
02-04 00:26:28.081   245   245 D ccci_fsd(1): CMPT File name:Z:/NVRAM/NVD_DATA/ULM4_000 opid_map:0x00000013 Flag:0x00000100 Offset:6794752 Whence:0 Length:0
02-04 00:26:28.081   245   245 D ccci_fsd(1): O: [1010103F142D2C35](0x00000100): (7 1) 
02-04 00:26:28.081   245   245 D ccci_fsd(1): F: 1: 2818 0 
02-04 00:26:28.081   245   245 D ccci_fsd(1): C: 1: 0
02-04 00:26:28.081   245   245 D ccci_fsd(1): Write 56 bytes to slot 0, CCCI_H(0x0)(0x38)(0x8018000F)(0x0)
02-04 00:26:28.081   245   245 D ccci_fsd(1): Read 128 bytes from FS device
02-04 00:26:28.081   245   245 D ccci_fsd(1): Read 128 bytes from slot 0, CCCI_H(0x0)(0x80)(0x8019000E)(0x0)
02-04 00:26:28.081   245   245 D ccci_fsd(1): CMPT File name:Z:/NVRAM/NVD_DATA/ULM5_000 opid_map:0x00000013 Flag:0x00000100 Offset:6794752 Whence:0 Length:0
02-04 00:26:28.082   245   245 D ccci_fsd(1): O: [1010103F152D2C35](0x00000100): (7 1) 
02-04 00:26:28.082   245   245 D ccci_fsd(1): F: 1: 2818 0 
02-04 00:26:28.082   245   245 D ccci_fsd(1): C: 1: 0
02-04 00:26:28.082   245   245 D ccci_fsd(1): Write 56 bytes to slot 0, CCCI_H(0x0)(0x38)(0x8019000F)(0x0)
02-04 00:26:28.082   245   245 D ccci_fsd(1): Read 128 bytes from FS device
02-04 00:26:28.082   245   245 D ccci_fsd(1): Read 128 bytes from slot 0, CCCI_H(0x0)(0x80)(0x801A000E)(0x0)
02-04 00:26:28.082   245   245 D ccci_fsd(1): CMPT File name:Z:/NVRAM/NVD_DATA/MT04_000 opid_map:0x00000013 Flag:0x00000100 Offset:6794752 Whence:0 Length:0
02-04 00:26:28.082   245   245 D ccci_fsd(1): O: [1010103F1410342D](0x00000100): (7 1) 
02-04 00:26:28.082   245   245 D ccci_fsd(1): F: 1: 4490 0 
02-04 00:26:28.082   245   245 D ccci_fsd(1): C: 1: 0
02-04 00:26:28.082   245   245 D ccci_fsd(1): Write 56 bytes to slot 0, CCCI_H(0x0)(0x38)(0x801A000F)(0x0)
02-04 00:26:28.083   245   245 D ccci_fsd(1): Read 128 bytes from FS device
02-04 00:26:28.083   245   245 D ccci_fsd(1): Read 128 bytes from slot 0, CCCI_H(0x0)(0x80)(0x801B000E)(0x0)
02-04 00:26:28.083   245   245 D ccci_fsd(1): CMPT File name:Z:/NVRAM/NVD_DATA/MT10_000 opid_map:0x00000013 Flag:0x00000100 Offset:6794752 Whence:0 Length:0
02-04 00:26:28.083   245   245 D ccci_fsd(1): O: [1010103F1011342D](0x00000100): (7 1) 
02-04 00:26:28.083   245   245 D ccci_fsd(1): F: 1: 15 0 
02-04 00:26:28.083   245   245 D ccci_fsd(1): C: 1: 0
02-04 00:26:28.083   245   245 D ccci_fsd(1): Write 56 bytes to slot 0, CCCI_H(0x0)(0x38)(0x801B000F)(0x0)
02-04 00:26:28.083   245   245 D ccci_fsd(1): Read 128 bytes from FS device
02-04 00:26:28.083   245   245 D ccci_fsd(1): Read 128 bytes from slot 0, CCCI_H(0x0)(0x80)(0x801C000E)(0x0)
02-04 00:26:28.083   245   245 D ccci_fsd(1): CMPT File name:Z:/NVRAM/NVD_DATA/MT9W_000 opid_map:0x00000013 Flag:0x00000100 Offset:6794752 Whence:0 Length:0
02-04 00:26:28.084   245   245 D ccci_fsd(1): O: [1010103F3719342D](0x00000100): (7 1) 
02-04 00:26:28.084   245   245 D ccci_fsd(1): F: 1: 706 0 
02-04 00:26:28.084   245   245 D ccci_fsd(1): C: 1: 0
02-04 00:26:28.084   245   245 D ccci_fsd(1): Write 56 bytes to slot 0, CCCI_H(0x0)(0x38)(0x801C000F)(0x0)
02-04 00:26:28.084   245   245 D ccci_fsd(1): Read 128 bytes from FS device
02-04 00:26:28.084   245   245 D ccci_fsd(1): Read 128 bytes from slot 0, CCCI_H(0x0)(0x80)(0x801D000E)(0x0)
02-04 00:26:28.084   245   245 D ccci_fsd(1): CMPT File name:Z:/NVRAM/NVD_DATA/MT0X_000 opid_map:0x00000013 Flag:0x00000100 Offset:6794752 Whence:0 Length:0
02-04 00:26:28.084   245   245 D ccci_fsd(1): O: [1010103F3810342D](0x00000100): (7 1) 
02-04 00:26:28.084   245   245 D ccci_fsd(1): F: 1: 8 0 
02-04 00:26:28.084   245   245 D ccci_fsd(1): C: 1: 0
02-04 00:26:28.084   245   245 D ccci_fsd(1): Write 56 bytes to slot 0, CCCI_H(0x0)(0x38)(0x801D000F)(0x0)
02-04 00:26:28.084   245   245 D ccci_fsd(1): Read 128 bytes from FS device
02-04 00:26:28.084   245   245 D ccci_fsd(1): Read 128 bytes from slot 0, CCCI_H(0x0)(0x80)(0x801E000E)(0x0)
02-04 00:26:28.084   245   245 D ccci_fsd(1): CMPT File name:Z:/NVRAM/NVD_DATA/MT0Y_003 opid_map:0x00000013 Flag:0x00000100 Offset:6794752 Whence:0 Length:0
02-04 00:26:28.084   245   245 D ccci_fsd(1): O: [1310103F3910342D](0x00000100): (7 1) 
02-04 00:26:28.084   245   245 D ccci_fsd(1): F: 1: 4088 0 
02-04 00:26:28.084   245   245 D ccci_fsd(1): C: 1: 0
02-04 00:26:28.084   245   245 D ccci_fsd(1): Write 56 bytes to slot 0, CCCI_H(0x0)(0x38)(0x801E000F)(0x0)
02-04 00:26:28.085   245   245 D ccci_fsd(1): Read 128 bytes from FS device
